ias78II.exe v2.0.100.101b - The macro assembler for EM78 series.
Copyright (C) ELAN Microelectronic Corp. 2003-2008. All rights reserved.
Main file : NTC3435.s

File list:
   1 ----  D:\项目任务文件\项目任务文件\项目任务\项目（3）2018年开发\项目141（嘉兴英伦集成吊顶）MD-01\MD-01程序153B-SOP8\NTC3435.s
   2 ----  C:\Program Files (x86)\ELAN\eUIDE\Bin\Include\sysdefii.inc


The format of a listing line is:
  XXXXXXm FFFF [TT]  11 22 33 44  [DD]  Source code
Where:
  XXXXXX   is the PC
  m        is the mode ('r' or empty)
  FFFF     is the file name
  [TT]     is the CPU clock
  11 ..    are code or data bytes
  [DD]     depth of IFDEF and ENDIF (The depth or empty)


------     1 [--]               [00]  .autoimport
------     1 [--]               [00]  EM78P153B48 EQU 1
------     1 [--]               [00]  _SIMPLE_RSR_ EQU 1
------     1 [--]               [00]  .include "sysdefii.inc"
------     2 [--]               [00]  
------     1 [--]               [00]  ccounter equ pr1
------     1 [--]               [00]  .stabs "icc_compiled.",60,0,0,0
------     1 [--]               [00]  .stabs "D:\项目任务文件\项目任务文件\项目任务\项目（3）2018年开发\项目141（嘉兴英伦集成吊顶）MD-01\MD-01程序153B-SOP8\NTC3435.c",100,0,3,0
------     1 [--]               [00]  .stabs "int:t1=r1;-128;127;",128,0,0,0
------     1 [--]               [00]  .stabs "char:t2=r2;-128;127;",128,0,0,0
------     1 [--]               [00]  .stabs "double:t3=r1;3;0;",128,0,0,0
------     1 [--]               [00]  .stabs "float:t4=r1;3;0;",128,0,0,0
------     1 [--]               [00]  .stabs "long double:t5=r1;3;0;",128,0,0,0
------     1 [--]               [00]  .stabs "long:t6=r1;-2147483648;2147483647;",128,0,0,0
------     1 [--]               [00]  .stabs "long long:t7=r1;-2147483648;2147483647;",128,0,0,0
------     1 [--]               [00]  .stabs "short:t8=r1;-32768;32767;",128,0,0,0
------     1 [--]               [00]  .stabs "signed char:t9=r1;-128;127;",128,0,0,0
------     1 [--]               [00]  .stabs "unsigned char:t10=r1;0;255;",128,0,0,0
------     1 [--]               [00]  .stabs "unsigned long:t11=r1;0;4294967295;",128,0,0,0
------     1 [--]               [00]  .stabs "unsigned long long:t12=r1;0;4294967295;",128,0,0,0
------     1 [--]               [00]  .stabs "unsigned short:t13=r1;0;65535;",128,0,0,0
------     1 [--]               [00]  .stabs "unsigned int:t14=r1;0;255;",128,0,0,0
------     1 [--]               [00]  .stabs "void:t15=15",128,0,0,0
------     1 [--]               [00]  .stabs "bit:t16=r16;0;1;",128,0,0,0
------     1 [--]               [00]  public _NTC_in
------     1 [--]               [00]  public NTC_in_bp
------     1 [--]               [00]  .section ".code"
------     1 [--]               [00]  .stabs "NTC_in:F15",36,0,0,_NTC_in
------     1 [--]               [00]  .section ".S0",C_CODE
------     1 [--]               [00]  .SYMDEF ".S0" 
------     1 [--]               [00]  _NTC_in:
------     1 [--]               [00]  .SYMDEF "_NTC_in" 
000000r    1 [01]  00 04 r      [00]  mov a,ecx
000001r    1 [01]  7C 00 r      [00]  mov NTC_in_bp-4,a
000002r    1 [01]  01 04 r      [00]  mov a,ecx+1
000003r    1 [01]  7D 00 r      [00]  mov NTC_in_bp-3,a
000004r    1 [01]  02 04 r      [00]  mov a,ecx+2
000005r    1 [01]  7E 00 r      [00]  mov NTC_in_bp-2,a
000006r    1 [01]  03 04 r      [00]  mov a,ecx+3
000007r    1 [01]  7F 00 r      [00]  mov NTC_in_bp-1,a
------     1 [--]               [00]  .stabn 192,0,0,L2
------     1 [--]               [00]  L2:
------     1 [--]               [00]  .stabn 68,0,26,L4
------     1 [--]               [00]  L4:
------     1 [--]               [00]  .stabn 68,0,27,L5
------     1 [--]               [00]  L5:
000008r    1 [01]  10 00 r      [00]  LDA _P6CR,0,2
000009r    1 [01]  01 19        [00]  or a,@1
00000Ar    1 [01]  00 00 r      [00]  STA _P6CR,0,2
------     1 [--]               [00]  .stabn 68,0,28,L6
------     1 [--]               [00]  L6:
------     1 [--]               [00]  .stabn 224,0,0,L7
------     1 [--]               [00]  L7:
------     1 [--]               [00]  L$1:
00000Br    1 [01]  3C 04 r      [00]  mov a,NTC_in_bp-4
00000Cr    1 [01]  40 00 r      [00]  mov ecx,a
00000Dr    1 [01]  3D 04 r      [00]  mov a,NTC_in_bp-3
00000Er    1 [01]  41 00 r      [00]  mov ecx+1,a
00000Fr    1 [01]  3E 04 r      [00]  mov a,NTC_in_bp-2
000010r    1 [01]  42 00 r      [00]  mov ecx+2,a
000011r    1 [01]  3F 04 r      [00]  mov a,NTC_in_bp-1
000012r    1 [01]  43 00 r      [00]  mov ecx+3,a
000013r    1 [01]  12 00        [00]  ret
------     1 [--]               [00]  .STACK NTC_in_bp,local,4
------     1 [--]               [00]  public _R10K_in
------     1 [--]               [00]  public R10K_in_bp
------     1 [--]               [00]  .stabs "R10K_in:F15",36,0,0,_R10K_in
------     1 [--]               [00]  .section ".S1",C_CODE
------     1 [--]               [00]  .SYMDEF ".S1" 
------     1 [--]               [00]  _R10K_in:
------     1 [--]               [00]  .SYMDEF "_R10K_in" 
000000r    1 [01]  00 04 r      [00]  mov a,ecx
000001r    1 [01]  7C 00 r      [00]  mov R10K_in_bp-4,a
000002r    1 [01]  01 04 r      [00]  mov a,ecx+1
000003r    1 [01]  7D 00 r      [00]  mov R10K_in_bp-3,a
000004r    1 [01]  02 04 r      [00]  mov a,ecx+2
000005r    1 [01]  7E 00 r      [00]  mov R10K_in_bp-2,a
000006r    1 [01]  03 04 r      [00]  mov a,ecx+3
000007r    1 [01]  7F 00 r      [00]  mov R10K_in_bp-1,a
------     1 [--]               [00]  .stabn 192,0,0,L9
------     1 [--]               [00]  L9:
------     1 [--]               [00]  .stabn 68,0,30,L10
------     1 [--]               [00]  L10:
------     1 [--]               [00]  .stabn 68,0,31,L11
------     1 [--]               [00]  L11:
000008r    1 [01]  10 00 r      [00]  LDA _P6CR,0,2
000009r    1 [01]  02 19        [00]  or a,@2
00000Ar    1 [01]  00 00 r      [00]  STA _P6CR,0,2
------     1 [--]               [00]  .stabn 68,0,32,L12
------     1 [--]               [00]  L12:
------     1 [--]               [00]  .stabn 224,0,0,L13
------     1 [--]               [00]  L13:
------     1 [--]               [00]  L$8:
00000Br    1 [01]  3C 04 r      [00]  mov a,R10K_in_bp-4
00000Cr    1 [01]  40 00 r      [00]  mov ecx,a
00000Dr    1 [01]  3D 04 r      [00]  mov a,R10K_in_bp-3
00000Er    1 [01]  41 00 r      [00]  mov ecx+1,a
00000Fr    1 [01]  3E 04 r      [00]  mov a,R10K_in_bp-2
000010r    1 [01]  42 00 r      [00]  mov ecx+2,a
000011r    1 [01]  3F 04 r      [00]  mov a,R10K_in_bp-1
000012r    1 [01]  43 00 r      [00]  mov ecx+3,a
000013r    1 [01]  12 00        [00]  ret
------     1 [--]               [00]  .STACK R10K_in_bp,local,4
------     1 [--]               [00]  public _TEST_in
------     1 [--]               [00]  public TEST_in_bp
------     1 [--]               [00]  .stabs "TEST_in:F15",36,0,0,_TEST_in
------     1 [--]               [00]  .section ".S2",C_CODE
------     1 [--]               [00]  .SYMDEF ".S2" 
------     1 [--]               [00]  _TEST_in:
------     1 [--]               [00]  .SYMDEF "_TEST_in" 
000000r    1 [01]  00 04 r      [00]  mov a,ecx
000001r    1 [01]  7C 00 r      [00]  mov TEST_in_bp-4,a
000002r    1 [01]  01 04 r      [00]  mov a,ecx+1
000003r    1 [01]  7D 00 r      [00]  mov TEST_in_bp-3,a
000004r    1 [01]  02 04 r      [00]  mov a,ecx+2
000005r    1 [01]  7E 00 r      [00]  mov TEST_in_bp-2,a
000006r    1 [01]  03 04 r      [00]  mov a,ecx+3
000007r    1 [01]  7F 00 r      [00]  mov TEST_in_bp-1,a
------     1 [--]               [00]  .stabn 192,0,0,L15
------     1 [--]               [00]  L15:
------     1 [--]               [00]  .stabn 68,0,34,L16
------     1 [--]               [00]  L16:
------     1 [--]               [00]  .stabn 68,0,35,L17
------     1 [--]               [00]  L17:
000008r    1 [01]  10 00 r      [00]  LDA _P6CR,0,2
000009r    1 [01]  04 19        [00]  or a,@4
00000Ar    1 [01]  00 00 r      [00]  STA _P6CR,0,2
------     1 [--]               [00]  .stabn 68,0,36,L18
------     1 [--]               [00]  L18:
------     1 [--]               [00]  .stabn 224,0,0,L19
------     1 [--]               [00]  L19:
------     1 [--]               [00]  L$14:
00000Br    1 [01]  3C 04 r      [00]  mov a,TEST_in_bp-4
00000Cr    1 [01]  40 00 r      [00]  mov ecx,a
00000Dr    1 [01]  3D 04 r      [00]  mov a,TEST_in_bp-3
00000Er    1 [01]  41 00 r      [00]  mov ecx+1,a
00000Fr    1 [01]  3E 04 r      [00]  mov a,TEST_in_bp-2
000010r    1 [01]  42 00 r      [00]  mov ecx+2,a
000011r    1 [01]  3F 04 r      [00]  mov a,TEST_in_bp-1
000012r    1 [01]  43 00 r      [00]  mov ecx+3,a
000013r    1 [01]  12 00        [00]  ret
------     1 [--]               [00]  .STACK TEST_in_bp,local,4
------     1 [--]               [00]  public _NTC_out
------     1 [--]               [00]  public NTC_out_bp
------     1 [--]               [00]  .stabs "NTC_out:F15",36,0,0,_NTC_out
------     1 [--]               [00]  .section ".S3",C_CODE
------     1 [--]               [00]  .SYMDEF ".S3" 
------     1 [--]               [00]  _NTC_out:
------     1 [--]               [00]  .SYMDEF "_NTC_out" 
000000r    1 [01]  00 04 r      [00]  mov a,ecx
000001r    1 [01]  7C 00 r      [00]  mov NTC_out_bp-4,a
000002r    1 [01]  01 04 r      [00]  mov a,ecx+1
000003r    1 [01]  7D 00 r      [00]  mov NTC_out_bp-3,a
000004r    1 [01]  02 04 r      [00]  mov a,ecx+2
000005r    1 [01]  7E 00 r      [00]  mov NTC_out_bp-2,a
000006r    1 [01]  03 04 r      [00]  mov a,ecx+3
000007r    1 [01]  7F 00 r      [00]  mov NTC_out_bp-1,a
------     1 [--]               [00]  .stabn 192,0,0,L21
------     1 [--]               [00]  L21:
------     1 [--]               [00]  .stabn 68,0,38,L22
------     1 [--]               [00]  L22:
------     1 [--]               [00]  .stabn 68,0,39,L23
------     1 [--]               [00]  L23:
000008r    1 [01]  10 00 r      [00]  LDA _P6CR,0,2
000009r    1 [01]  FE 1A        [00]  and a,@254
00000Ar    1 [01]  00 00 r      [00]  STA _P6CR,0,2
------     1 [--]               [00]  .stabn 68,0,40,L24
------     1 [--]               [00]  L24:
------     1 [--]               [00]  .stabn 224,0,0,L25
------     1 [--]               [00]  L25:
------     1 [--]               [00]  L$20:
00000Br    1 [01]  3C 04 r      [00]  mov a,NTC_out_bp-4
00000Cr    1 [01]  40 00 r      [00]  mov ecx,a
00000Dr    1 [01]  3D 04 r      [00]  mov a,NTC_out_bp-3
00000Er    1 [01]  41 00 r      [00]  mov ecx+1,a
00000Fr    1 [01]  3E 04 r      [00]  mov a,NTC_out_bp-2
000010r    1 [01]  42 00 r      [00]  mov ecx+2,a
000011r    1 [01]  3F 04 r      [00]  mov a,NTC_out_bp-1
000012r    1 [01]  43 00 r      [00]  mov ecx+3,a
000013r    1 [01]  12 00        [00]  ret
------     1 [--]               [00]  .STACK NTC_out_bp,local,4
------     1 [--]               [00]  public _R10K_out
------     1 [--]               [00]  public R10K_out_bp
------     1 [--]               [00]  .stabs "R10K_out:F15",36,0,0,_R10K_out
------     1 [--]               [00]  .section ".S4",C_CODE
------     1 [--]               [00]  .SYMDEF ".S4" 
------     1 [--]               [00]  _R10K_out:
------     1 [--]               [00]  .SYMDEF "_R10K_out" 
000000r    1 [01]  00 04 r      [00]  mov a,ecx
000001r    1 [01]  7C 00 r      [00]  mov R10K_out_bp-4,a
000002r    1 [01]  01 04 r      [00]  mov a,ecx+1
000003r    1 [01]  7D 00 r      [00]  mov R10K_out_bp-3,a
000004r    1 [01]  02 04 r      [00]  mov a,ecx+2
000005r    1 [01]  7E 00 r      [00]  mov R10K_out_bp-2,a
000006r    1 [01]  03 04 r      [00]  mov a,ecx+3
000007r    1 [01]  7F 00 r      [00]  mov R10K_out_bp-1,a
------     1 [--]               [00]  .stabn 192,0,0,L27
------     1 [--]               [00]  L27:
------     1 [--]               [00]  .stabn 68,0,42,L28
------     1 [--]               [00]  L28:
------     1 [--]               [00]  .stabn 68,0,43,L29
------     1 [--]               [00]  L29:
000008r    1 [01]  10 00 r      [00]  LDA _P6CR,0,2
000009r    1 [01]  FD 1A        [00]  and a,@253
00000Ar    1 [01]  00 00 r      [00]  STA _P6CR,0,2
------     1 [--]               [00]  .stabn 68,0,44,L30
------     1 [--]               [00]  L30:
------     1 [--]               [00]  .stabn 224,0,0,L31
------     1 [--]               [00]  L31:
------     1 [--]               [00]  L$26:
00000Br    1 [01]  3C 04 r      [00]  mov a,R10K_out_bp-4
00000Cr    1 [01]  40 00 r      [00]  mov ecx,a
00000Dr    1 [01]  3D 04 r      [00]  mov a,R10K_out_bp-3
00000Er    1 [01]  41 00 r      [00]  mov ecx+1,a
00000Fr    1 [01]  3E 04 r      [00]  mov a,R10K_out_bp-2
000010r    1 [01]  42 00 r      [00]  mov ecx+2,a
000011r    1 [01]  3F 04 r      [00]  mov a,R10K_out_bp-1
000012r    1 [01]  43 00 r      [00]  mov ecx+3,a
000013r    1 [01]  12 00        [00]  ret
------     1 [--]               [00]  .STACK R10K_out_bp,local,4
------     1 [--]               [00]  public _TEST_out
------     1 [--]               [00]  public TEST_out_bp
------     1 [--]               [00]  .stabs "TEST_out:F15",36,0,0,_TEST_out
------     1 [--]               [00]  .section ".S5",C_CODE
------     1 [--]               [00]  .SYMDEF ".S5" 
------     1 [--]               [00]  _TEST_out:
------     1 [--]               [00]  .SYMDEF "_TEST_out" 
000000r    1 [01]  00 04 r      [00]  mov a,ecx
000001r    1 [01]  7C 00 r      [00]  mov TEST_out_bp-4,a
000002r    1 [01]  01 04 r      [00]  mov a,ecx+1
000003r    1 [01]  7D 00 r      [00]  mov TEST_out_bp-3,a
000004r    1 [01]  02 04 r      [00]  mov a,ecx+2
000005r    1 [01]  7E 00 r      [00]  mov TEST_out_bp-2,a
000006r    1 [01]  03 04 r      [00]  mov a,ecx+3
000007r    1 [01]  7F 00 r      [00]  mov TEST_out_bp-1,a
------     1 [--]               [00]  .stabn 192,0,0,L33
------     1 [--]               [00]  L33:
------     1 [--]               [00]  .stabn 68,0,46,L34
------     1 [--]               [00]  L34:
------     1 [--]               [00]  .stabn 68,0,47,L35
------     1 [--]               [00]  L35:
000008r    1 [01]  10 00 r      [00]  LDA _P6CR,0,2
000009r    1 [01]  FB 1A        [00]  and a,@251
00000Ar    1 [01]  00 00 r      [00]  STA _P6CR,0,2
------     1 [--]               [00]  .stabn 68,0,48,L36
------     1 [--]               [00]  L36:
------     1 [--]               [00]  .stabn 224,0,0,L37
------     1 [--]               [00]  L37:
------     1 [--]               [00]  L$32:
00000Br    1 [01]  3C 04 r      [00]  mov a,TEST_out_bp-4
00000Cr    1 [01]  40 00 r      [00]  mov ecx,a
00000Dr    1 [01]  3D 04 r      [00]  mov a,TEST_out_bp-3
00000Er    1 [01]  41 00 r      [00]  mov ecx+1,a
00000Fr    1 [01]  3E 04 r      [00]  mov a,TEST_out_bp-2
000010r    1 [01]  42 00 r      [00]  mov ecx+2,a
000011r    1 [01]  3F 04 r      [00]  mov a,TEST_out_bp-1
000012r    1 [01]  43 00 r      [00]  mov ecx+3,a
000013r    1 [01]  12 00        [00]  ret
------     1 [--]               [00]  .STACK TEST_out_bp,local,4
------     1 [--]               [00]  .section ".rom",T_ROM
------     1 [--]               [00]  public _wenducode
------     1 [--]               [00]  .align 1
------     1 [--]               [00]  _wenducode:
------     1 [--]               [00]  .SYMDEF "_wenducode" LEN:100
000000r    1 [--]  D6 CD        [00]  db 214
000001r    1 [--]  -- --        [00]  db 205
000002r    1 [--]  C4 BC        [00]  db 196
000003r    1 [--]  -- --        [00]  db 188
000004r    1 [--]  B4 AD        [00]  db 180
000005r    1 [--]  -- --        [00]  db 173
000006r    1 [--]  A6 9F        [00]  db 166
000007r    1 [--]  -- --        [00]  db 159
000008r    1 [--]  99 93        [00]  db 153
000009r    1 [--]  -- --        [00]  db 147
00000Ar    1 [--]  8D 87        [00]  db 141
00000Br    1 [--]  -- --        [00]  db 135
00000Cr    1 [--]  82 7D        [00]  db 130
00000Dr    1 [--]  -- --        [00]  db 125
00000Er    1 [--]  78 73        [00]  db 120
00000Fr    1 [--]  -- --        [00]  db 115
000010r    1 [--]  6F 6B        [00]  db 111
000011r    1 [--]  -- --        [00]  db 107
000012r    1 [--]  67 63        [00]  db 103
000013r    1 [--]  -- --        [00]  db 99
000014r    1 [--]  5F 5B        [00]  db 95
000015r    1 [--]  -- --        [00]  db 91
000016r    1 [--]  58 55        [00]  db 88
000017r    1 [--]  -- --        [00]  db 85
000018r    1 [--]  52 4F        [00]  db 82
000019r    1 [--]  -- --        [00]  db 79
00001Ar    1 [--]  4C 49        [00]  db 76
00001Br    1 [--]  -- --        [00]  db 73
00001Cr    1 [--]  46 44        [00]  db 70
00001Dr    1 [--]  -- --        [00]  db 68
00001Er    1 [--]  41 3F        [00]  db 65
00001Fr    1 [--]  -- --        [00]  db 63
000020r    1 [--]  3D 3B        [00]  db 61
000021r    1 [--]  -- --        [00]  db 59
000022r    1 [--]  39 37        [00]  db 57
000023r    1 [--]  -- --        [00]  db 55
000024r    1 [--]  35 33        [00]  db 53
000025r    1 [--]  -- --        [00]  db 51
000026r    1 [--]  31 2F        [00]  db 49
000027r    1 [--]  -- --        [00]  db 47
000028r    1 [--]  2E 2C        [00]  db 46
000029r    1 [--]  -- --        [00]  db 44
00002Ar    1 [--]  2B 29        [00]  db 43
00002Br    1 [--]  -- --        [00]  db 41
00002Cr    1 [--]  28 27        [00]  db 40
00002Dr    1 [--]  -- --        [00]  db 39
00002Er    1 [--]  25 24        [00]  db 37
00002Fr    1 [--]  -- --        [00]  db 36
000030r    1 [--]  23 22        [00]  db 35
000031r    1 [--]  -- --        [00]  db 34
000032r    1 [--]  21 20        [00]  db 33
000033r    1 [--]  -- --        [00]  db 32
000034r    1 [--]  1F 1E        [00]  db 31
000035r    1 [--]  -- --        [00]  db 30
000036r    1 [--]  1D 1C        [00]  db 29
000037r    1 [--]  -- --        [00]  db 28
000038r    1 [--]  1B 1A        [00]  db 27
000039r    1 [--]  -- --        [00]  db 26
00003Ar    1 [--]  19 19        [00]  db 25
00003Br    1 [--]  -- --        [00]  db 25
00003Cr    1 [--]  18 17        [00]  db 24
00003Dr    1 [--]  -- --        [00]  db 23
00003Er    1 [--]  16 16        [00]  db 22
00003Fr    1 [--]  -- --        [00]  db 22
000040r    1 [--]  15 14        [00]  db 21
000041r    1 [--]  -- --        [00]  db 20
000042r    1 [--]  14 13        [00]  db 20
000043r    1 [--]  -- --        [00]  db 19
000044r    1 [--]  13 12        [00]  db 19
000045r    1 [--]  -- --        [00]  db 18
000046r    1 [--]  12 11        [00]  db 18
000047r    1 [--]  -- --        [00]  db 17
000048r    1 [--]  11 10        [00]  db 17
000049r    1 [--]  -- --        [00]  db 16
00004Ar    1 [--]  10 0F        [00]  db 16
00004Br    1 [--]  -- --        [00]  db 15
00004Cr    1 [--]  0F 0E        [00]  db 15
00004Dr    1 [--]  -- --        [00]  db 14
00004Er    1 [--]  0E 0E        [00]  db 14
00004Fr    1 [--]  -- --        [00]  db 14
000050r    1 [--]  0D 0D        [00]  db 13
000051r    1 [--]  -- --        [00]  db 13
000052r    1 [--]  0C 0C        [00]  db 12
000053r    1 [--]  -- --        [00]  db 12
000054r    1 [--]  0C 0B        [00]  db 12
000055r    1 [--]  -- --        [00]  db 11
000056r    1 [--]  0B 0B        [00]  db 11
000057r    1 [--]  -- --        [00]  db 11
000058r    1 [--]  0B 0A        [00]  db 11
000059r    1 [--]  -- --        [00]  db 10
00005Ar    1 [--]  0A 0A        [00]  db 10
00005Br    1 [--]  -- --        [00]  db 10
00005Cr    1 [--]  0A 09        [00]  db 10
00005Dr    1 [--]  -- --        [00]  db 9
00005Er    1 [--]  09 09        [00]  db 9
00005Fr    1 [--]  -- --        [00]  db 9
000060r    1 [--]  09 08        [00]  db 9
000061r    1 [--]  -- --        [00]  db 8
000062r    1 [--]  08 07        [00]  db 8
000063r    1 [--]  -- --        [00]  db 7
------     1 [--]               [00]  .stabs ":t17=ar1;0;99;10",128,0,0,0
------     1 [--]               [00]  .stabs "wenducode:G17",32,0,0,_wenducode
------     1 [--]               [00]  public _Temperature_collection
------     1 [--]               [00]  public Temperature_collection_bp
------     1 [--]               [00]  .section ".code"
------     1 [--]               [00]  .stabs "Temperature_collection:F15",36,0,0,_Temperature_collection
------     1 [--]               [00]  .section ".S6",C_CODE
------     1 [--]               [00]  .SYMDEF ".S6" 
------     1 [--]               [00]  _Temperature_collection:
------     1 [--]               [00]  .SYMDEF "_Temperature_collection" 
000000r    1 [01]  00 04 r      [00]  mov a,ecx
000001r    1 [01]  7C 00 r      [00]  mov Temperature_collection_bp-4,a
000002r    1 [01]  01 04 r      [00]  mov a,ecx+1
000003r    1 [01]  7D 00 r      [00]  mov Temperature_collection_bp-3,a
000004r    1 [01]  02 04 r      [00]  mov a,ecx+2
000005r    1 [01]  7E 00 r      [00]  mov Temperature_collection_bp-2,a
000006r    1 [01]  03 04 r      [00]  mov a,ecx+3
000007r    1 [01]  7F 00 r      [00]  mov Temperature_collection_bp-1,a
------     1 [--]               [00]  .stabn 192,0,0,L74
------     1 [--]               [00]  L74:
------     1 [--]               [00]  .stabn 68,0,158,L75
------     1 [--]               [00]  L75:
------     1 [--]               [00]  .stabn 68,0,159,L76
------     1 [--]               [00]  L76:
000008r    1 [01]  00 10 r      [00]  call _NTC_out
------     1 [--]               [00]  .stabn 68,0,159,L77
------     1 [--]               [00]  L77:
000009r    1 [01]  00 10 r      [00]  call _R10K_out
------     1 [--]               [00]  .stabn 68,0,159,L78
------     1 [--]               [00]  L78:
00000Ar    1 [01]  00 10 r      [00]  call _TEST_out
------     1 [--]               [00]  .stabn 68,0,160,L79
------     1 [--]               [00]  L79:
00000Br    1 [01]  00 08 r      [00]  bc _P60,0
------     1 [--]               [00]  .stabn 68,0,160,L80
------     1 [--]               [00]  L80:
00000Cr    1 [01]  40 08 r      [00]  bc _P61,1
------     1 [--]               [00]  .stabn 68,0,160,L81
------     1 [--]               [00]  L81:
00000Dr    1 [01]  80 08 r      [00]  bc _P62,2
------     1 [--]               [00]  L$39:
------     1 [--]               [00]  .stabn 68,0,162,L82
------     1 [--]               [00]  L82:
------     1 [--]               [00]  L$40:
------     1 [--]               [00]  .stabn 68,0,162,L83
------     1 [--]               [00]  L83:
00000Er    1 [01]  80 0C r      [00]  jbc _P62,2
00000Fr    1 [01]  00 14 r      [00]  EXTJMP @L$39
------     1 [--]               [00]  .stabn 68,0,163,L84
------     1 [--]               [00]  L84:
000010r    1 [01]  C1 00 r      [00]  clr _CAP_charge_time+1
000011r    1 [01]  C0 00 r      [00]  clr _CAP_charge_time
------     1 [--]               [00]  L$42:
------     1 [--]               [00]  .stabn 192,0,1,L85
------     1 [--]               [00]  L85:
------     1 [--]               [00]  .stabn 68,0,165,L86
------     1 [--]               [00]  L86:
------     1 [--]               [00]  .stabn 68,0,166,L87
------     1 [--]               [00]  L87:
------     1 [--]               [00]  .cfile "D:\项目任务文件\项目任务文件\项目任务\项目（3）2018年开发\项目141（嘉兴英伦集成吊顶）MD-01\MD-01程序153B-SOP8\NTC3435.c(166):"
000012r    1 [01]  00 00        [00]  NOP
------     1 [--]               [00]  .stabn 68,0,166,L88
------     1 [--]               [00]  L88:
------     1 [--]               [00]  .stabn 68,0,166,L89
------     1 [--]               [00]  L89:
------     1 [--]               [00]  .cfile "D:\项目任务文件\项目任务文件\项目任务\项目（3）2018年开发\项目141（嘉兴英伦集成吊顶）MD-01\MD-01程序153B-SOP8\NTC3435.c(166):"
000013r    1 [01]  00 00        [00]  NOP
------     1 [--]               [00]  .stabn 68,0,166,L90
------     1 [--]               [00]  L90:
------     1 [--]               [00]  .stabn 68,0,167,L91
------     1 [--]               [00]  L91:
000014r    1 [01]  40 05 r      [00]  INCMW _CAP_charge_time,0
           1 [01]  83 0C r      [00]  
           1 [01]  41 05 r      [00]  
------     1 [--]               [00]  .stabn 68,0,168,L92
------     1 [--]               [00]  L92:
------     1 [--]               [00]  .stabn 224,0,1,L93
------     1 [--]               [00]  L93:
------     1 [--]               [00]  L$43:
------     1 [--]               [00]  .stabn 68,0,169,L94
------     1 [--]               [00]  L94:
000017r    1 [01]  01 18 r      [00]  ULTRIW _CAP_charge_time,0x100
           1 [01]  01 01 r      [00]  
           1 [01]  83 0E r      [00]  
           1 [01]  00 14 r      [00]  
           1 [01]  00 18 r      [00]  
           1 [01]  00 01 r      [00]  
00001Dr    1 [01]  03 0E        [00]  jbs STATUS, cf
00001Er    1 [01]  00 14 r      [00]  EXTJMP L$42
------     1 [--]               [00]  .stabn 68,0,170,L95
------     1 [--]               [00]  L95:
00001Fr    1 [01]  C1 00 r      [00]  clr _CAP_charge_time+1
000020r    1 [01]  C0 00 r      [00]  clr _CAP_charge_time
------     1 [--]               [00]  .stabn 68,0,172,L96
------     1 [--]               [00]  L96:
000021r    1 [01]  00 04 r      [00]  LDA _Temperature_collection_status,0,0
000022r    1 [01]  40 00 r      [00]  mov ecx,a
000023r    1 [01]  40 04 r      [00]  EQNEPRIB ecx,0
000024r    1 [01]  83 0C        [00]  jbc STATUS,zf
000025r    1 [01]  00 14 r      [00]  EXTJMP @L$47
000026r    1 [01]  00 04 r      [00]  EQNEPRIB ecx,1
           1 [01]  01 1B r      [00]  
000028r    1 [01]  83 0C        [00]  jbc STATUS,zf
000029r    1 [01]  00 14 r      [00]  EXTJMP @L$54
00002Ar    1 [01]  00 04 r      [00]  EQNEPRIB ecx,2
           1 [01]  02 1B r      [00]  
00002Cr    1 [01]  83 0C        [00]  jbc STATUS,zf
00002Dr    1 [01]  00 14 r      [00]  EXTJMP @L$63
00002Er    1 [01]  00 14 r      [00]  jmp @L$45
------     1 [--]               [00]  .stabn 192,0,1,L97
------     1 [--]               [00]  L97:
------     1 [--]               [00]  .stabn 68,0,173,L98
------     1 [--]               [00]  L98:
------     1 [--]               [00]  L$47:
------     1 [--]               [00]  .stabn 68,0,175,L99
------     1 [--]               [00]  L99:
00002Fr    1 [01]  40 05 r      [00]  LDA _Temperature_collection_times,0,0
000030r    1 [--]  -- --        [00]  add a,@1
000031r    1 [--]  -- --        [00]  STA _Temperature_collection_times,0,0
------     1 [--]               [00]  .stabn 68,0,176,L100
------     1 [--]               [00]  L100:
000032r    1 [01]  00 10 r      [00]  call _R10K_in
------     1 [--]               [00]  .stabn 68,0,176,L101
------     1 [--]               [00]  L101:
000033r    1 [01]  00 10 r      [00]  call _TEST_in
------     1 [--]               [00]  .stabn 68,0,177,L102
------     1 [--]               [00]  L102:
000034r    1 [01]  C1 00 r      [00]  clr _CAP_charge_time+1
000035r    1 [01]  C0 00 r      [00]  clr _CAP_charge_time
------     1 [--]               [00]  .stabn 68,0,178,L103
------     1 [--]               [00]  L103:
000036r    1 [01]  00 0A r      [00]  bs _P60,0
------     1 [--]               [00]  L$48:
------     1 [--]               [00]  .stabn 192,0,2,L104
------     1 [--]               [00]  L104:
------     1 [--]               [00]  .stabn 68,0,180,L105
------     1 [--]               [00]  L105:
------     1 [--]               [00]  .stabn 68,0,181,L106
------     1 [--]               [00]  L106:
000037r    1 [01]  40 05 r      [00]  INCMW _CAP_charge_time,0
           1 [01]  83 0C r      [00]  
           1 [01]  41 05 r      [00]  
------     1 [--]               [00]  .stabn 68,0,182,L107
------     1 [--]               [00]  L107:
------     1 [--]               [00]  .stabn 224,0,2,L108
------     1 [--]               [00]  L108:
------     1 [--]               [00]  L$49:
------     1 [--]               [00]  .stabn 68,0,183,L109
------     1 [--]               [00]  L109:
00003Ar    1 [01]  80 0C r      [00]  jbc _P62,2
00003Br    1 [01]  00 14 r      [00]  EXTJMP @L$51
00003Cr    1 [01]  02 18 r      [00]  ULTRIW _CAP_charge_time,0x200
           1 [01]  01 01 r      [00]  
           1 [01]  83 0E r      [00]  
           1 [01]  00 14 r      [00]  
           1 [01]  00 18 r      [00]  
           1 [01]  00 01 r      [00]  
000042r    1 [01]  03 0E        [00]  jbs STATUS, cf
000043r    1 [01]  00 14 r      [00]  EXTJMP L$48
------     1 [--]               [00]  L$51:
------     1 [--]               [00]  .stabn 68,0,184,L110
------     1 [--]               [00]  L110:
000044r    1 [01]  00 04 r      [00]  ADDMRW _NTC_CAP_charge_time,_CAP_charge_time,0
           1 [01]  C0 03 r      [00]  
           1 [01]  03 0C r      [00]  
           1 [01]  41 05 r      [00]  
           1 [01]  01 04 r      [00]  
           1 [01]  C1 03 r      [00]  
------     1 [--]               [00]  .stabn 68,0,185,L111
------     1 [--]               [00]  L111:
00004Ar    1 [01]  10 18 r      [00]  ULTRIB _Temperature_collection_times,0x10
           1 [01]  00 01 r      [00]  
00004Cr    1 [01]  03 0E        [00]  jbs STATUS, cf
00004Dr    1 [01]  00 14 r      [00]  EXTJMP L$46
------     1 [--]               [00]  .stabn 192,0,2,L112
------     1 [--]               [00]  L112:
------     1 [--]               [00]  .stabn 68,0,186,L113
------     1 [--]               [00]  L113:
------     1 [--]               [00]  .stabn 68,0,187,L114
------     1 [--]               [00]  L114:
00004Er    1 [01]  C0 00 r      [00]  clr _Temperature_collection_times
------     1 [--]               [00]  .stabn 68,0,188,L115
------     1 [--]               [00]  L115:
00004Fr    1 [01]  01 18        [00]  mov a,@1
000050r    1 [01]  40 00 r      [00]  STA _Temperature_collection_status,0,0
------     1 [--]               [00]  .stabn 68,0,189,L116
------     1 [--]               [00]  L116:
000051r    1 [01]  04 18 r      [00]  RSHUMIW _NTC_CAP_charge_time,4,0
           1 [01]  40 00 r      [00]  
           1 [01]  03 08 r      [00]  
           1 [01]  41 06 r      [00]  
           1 [01]  40 06 r      [00]  
           1 [01]  C0 05 r      [00]  
           1 [01]  00 14 r      [00]  
------     1 [--]               [00]  .stabn 68,0,190,L117
------     1 [--]               [00]  L117:
------     1 [--]               [00]  .stabn 224,0,2,L118
------     1 [--]               [00]  L118:
------     1 [--]               [00]  .stabn 68,0,191,L119
------     1 [--]               [00]  L119:
000058r    1 [01]  00 14 r      [00]  jmp @L$46
------     1 [--]               [00]  L$54:
------     1 [--]               [00]  .stabn 68,0,193,L120
------     1 [--]               [00]  L120:
000059r    1 [01]  40 05 r      [00]  LDA _Temperature_collection_times,0,0
00005Ar    1 [--]  -- --        [00]  add a,@1
00005Br    1 [--]  -- --        [00]  STA _Temperature_collection_times,0,0
------     1 [--]               [00]  .stabn 68,0,194,L121
------     1 [--]               [00]  L121:
00005Cr    1 [01]  00 10 r      [00]  call _NTC_in
------     1 [--]               [00]  .stabn 68,0,194,L122
------     1 [--]               [00]  L122:
00005Dr    1 [01]  00 10 r      [00]  call _TEST_in
------     1 [--]               [00]  .stabn 68,0,195,L123
------     1 [--]               [00]  L123:
00005Er    1 [01]  C1 00 r      [00]  clr _CAP_charge_time+1
00005Fr    1 [01]  C0 00 r      [00]  clr _CAP_charge_time
------     1 [--]               [00]  .stabn 68,0,196,L124
------     1 [--]               [00]  L124:
000060r    1 [01]  40 0A r      [00]  bs _P61,1
------     1 [--]               [00]  L$55:
------     1 [--]               [00]  .stabn 192,0,2,L125
------     1 [--]               [00]  L125:
------     1 [--]               [00]  .stabn 68,0,198,L126
------     1 [--]               [00]  L126:
------     1 [--]               [00]  .stabn 68,0,199,L127
------     1 [--]               [00]  L127:
000061r    1 [01]  40 05 r      [00]  INCMW _CAP_charge_time,0
           1 [01]  83 0C r      [00]  
           1 [01]  41 05 r      [00]  
------     1 [--]               [00]  .stabn 68,0,200,L128
------     1 [--]               [00]  L128:
------     1 [--]               [00]  .stabn 224,0,2,L129
------     1 [--]               [00]  L129:
------     1 [--]               [00]  L$56:
------     1 [--]               [00]  .stabn 68,0,201,L130
------     1 [--]               [00]  L130:
000064r    1 [01]  80 0C r      [00]  jbc _P62,2
000065r    1 [01]  00 14 r      [00]  EXTJMP @L$58
000066r    1 [01]  02 18 r      [00]  ULTRIW _CAP_charge_time,0x200
           1 [01]  01 01 r      [00]  
           1 [01]  83 0E r      [00]  
           1 [01]  00 14 r      [00]  
           1 [01]  00 18 r      [00]  
           1 [01]  00 01 r      [00]  
00006Cr    1 [01]  03 0E        [00]  jbs STATUS, cf
00006Dr    1 [01]  00 14 r      [00]  EXTJMP L$55
------     1 [--]               [00]  L$58:
------     1 [--]               [00]  .stabn 68,0,202,L131
------     1 [--]               [00]  L131:
00006Er    1 [01]  02 18 r      [00]  ULTRIW _CAP_charge_time,0x200
           1 [01]  01 01 r      [00]  
           1 [01]  83 0E r      [00]  
           1 [01]  00 14 r      [00]  
           1 [01]  00 18 r      [00]  
           1 [01]  00 01 r      [00]  
000074r    1 [01]  03 0E        [00]  jbs STATUS, cf
000075r    1 [01]  00 14 r      [00]  EXTJMP L$59
------     1 [--]               [00]  .stabn 192,0,2,L132
------     1 [--]               [00]  L132:
------     1 [--]               [00]  .stabn 68,0,203,L133
------     1 [--]               [00]  L133:
------     1 [--]               [00]  .stabn 68,0,204,L134
------     1 [--]               [00]  L134:
000076r    1 [01]  C1 00 r      [00]  clr _CAP_charge_time+1
000077r    1 [01]  C0 00 r      [00]  clr _CAP_charge_time
------     1 [--]               [00]  .stabn 68,0,205,L135
------     1 [--]               [00]  L135:
------     1 [--]               [00]  .stabn 224,0,2,L136
------     1 [--]               [00]  L136:
------     1 [--]               [00]  L$59:
------     1 [--]               [00]  .stabn 68,0,206,L137
------     1 [--]               [00]  L137:
000078r    1 [01]  00 04 r      [00]  ADDMRW _R10K_CAP_charge_time,_CAP_charge_time,0
           1 [01]  C0 03 r      [00]  
           1 [01]  03 0C r      [00]  
           1 [01]  41 05 r      [00]  
           1 [01]  01 04 r      [00]  
           1 [01]  C1 03 r      [00]  
------     1 [--]               [00]  .stabn 68,0,207,L138
------     1 [--]               [00]  L138:
00007Er    1 [01]  10 18 r      [00]  ULTRIB _Temperature_collection_times,0x10
           1 [01]  00 01 r      [00]  
000080r    1 [01]  03 0E        [00]  jbs STATUS, cf
000081r    1 [01]  00 14 r      [00]  EXTJMP L$46
------     1 [--]               [00]  .stabn 192,0,2,L139
------     1 [--]               [00]  L139:
------     1 [--]               [00]  .stabn 68,0,208,L140
------     1 [--]               [00]  L140:
------     1 [--]               [00]  .stabn 68,0,209,L141
------     1 [--]               [00]  L141:
000082r    1 [01]  C0 00 r      [00]  clr _Temperature_collection_times
------     1 [--]               [00]  .stabn 68,0,210,L142
------     1 [--]               [00]  L142:
000083r    1 [01]  02 18        [00]  mov a,@2
000084r    1 [01]  40 00 r      [00]  STA _Temperature_collection_status,0,0
------     1 [--]               [00]  .stabn 68,0,211,L143
------     1 [--]               [00]  L143:
000085r    1 [01]  04 18 r      [00]  RSHUMIW _R10K_CAP_charge_time,4,0
           1 [01]  40 00 r      [00]  
           1 [01]  03 08 r      [00]  
           1 [01]  41 06 r      [00]  
           1 [01]  40 06 r      [00]  
           1 [01]  C0 05 r      [00]  
           1 [01]  00 14 r      [00]  
------     1 [--]               [00]  .stabn 68,0,212,L144
------     1 [--]               [00]  L144:
------     1 [--]               [00]  .stabn 224,0,2,L145
------     1 [--]               [00]  L145:
------     1 [--]               [00]  .stabn 68,0,213,L146
------     1 [--]               [00]  L146:
00008Cr    1 [01]  00 14 r      [00]  jmp @L$46
------     1 [--]               [00]  L$63:
------     1 [--]               [00]  .stabn 68,0,217,L147
------     1 [--]               [00]  L147:
00008Dr    1 [01]  0A 18        [00]  mov a,@.b0.10
00008Er    1 [01]  40 00 r      [00]  mov ecx,a
00008Fr    1 [01]  00 18        [00]  mov a,@.b1.10
000090r    1 [01]  41 00 r      [00]  mov ecx+1,a
000091r    1 [01]  00 04 r      [00]  LDA _NTC_CAP_charge_time,0,0
000092r    1 [01]  40 00 r      [00]  mov eax,a
000093r    1 [01]  01 04 r      [00]  LDA _NTC_CAP_charge_time,1,0
000094r    1 [01]  41 00 r      [00]  mov eax+1,a
000095r    1 [01]  00 18 r      [00]  mov a,@ecx
000096r    1 [01]  40 00 r      [00]  mov pr0,a
000097r    1 [01]  00 18 r      [00]  mov a,@eax
000098r    1 [01]  40 00 r      [00]  mov pr1,a
000099r    1 [01]  00 10 r      [00]  call umulrrw
00009Ar    1 [01]  00 04 r      [00]  mov a,ecx
00009Br    1 [01]  40 00 r      [00]  STA _NTC_CAP_charge_time,0,0
00009Cr    1 [01]  01 04 r      [00]  mov a,ecx+1
00009Dr    1 [01]  41 00 r      [00]  STA _NTC_CAP_charge_time,1,0
------     1 [--]               [00]  .stabn 68,0,218,L148
------     1 [--]               [00]  L148:
00009Er    1 [01]  03 18 r      [00]  LSHMIW _NTC_CAP_charge_time,3,0
           1 [01]  40 00 r      [00]  
           1 [01]  03 08 r      [00]  
           1 [01]  C0 06 r      [00]  
           1 [01]  C1 06 r      [00]  
           1 [01]  C0 05 r      [00]  
           1 [01]  00 14 r      [00]  
------     1 [--]               [00]  .stabn 68,0,219,L149
------     1 [--]               [00]  L149:
0000A5r    1 [01]  00 04 r      [00]  LDA _NTC_CAP_charge_time,0,0
0000A6r    1 [01]  40 00 r      [00]  mov ecx,a
0000A7r    1 [01]  01 04 r      [00]  LDA _NTC_CAP_charge_time,1,0
0000A8r    1 [01]  41 00 r      [00]  mov ecx+1,a
0000A9r    1 [01]  00 04 r      [00]  LDA _R10K_CAP_charge_time,0,0
0000AAr    1 [01]  40 00 r      [00]  mov eax,a
0000ABr    1 [01]  01 04 r      [00]  LDA _R10K_CAP_charge_time,1,0
0000ACr    1 [01]  41 00 r      [00]  mov eax+1,a
0000ADr    1 [01]  00 18 r      [00]  mov a,@ecx
0000AEr    1 [01]  40 00 r      [00]  mov pr0,a
0000AFr    1 [01]  00 18 r      [00]  mov a,@eax
0000B0r    1 [01]  40 00 r      [00]  mov pr1,a
0000B1r    1 [01]  00 10 r      [00]  call udivrrw
0000B2r    1 [01]  00 04 r      [00]  mov a,ecx
0000B3r    1 [01]  40 00 r      [00]  STA _NTC_CAP_charge_time,0,0
0000B4r    1 [01]  01 04 r      [00]  mov a,ecx+1
0000B5r    1 [01]  41 00 r      [00]  STA _NTC_CAP_charge_time,1,0
------     1 [--]               [00]  .stabn 68,0,223,L150
------     1 [--]               [00]  L150:
0000B6r    1 [01]  40 05 r      [00]  LDA _Temperature_collection_count,0,0
0000B7r    1 [--]  -- --        [00]  add a,@1
0000B8r    1 [--]  -- --        [00]  STA _Temperature_collection_count,0,0
------     1 [--]               [00]  .stabn 68,0,224,L151
------     1 [--]               [00]  L151:
0000B9r    1 [01]  00 04 r      [00]  UGTRIB _Temperature_collection_count,0x4
           1 [01]  04 1D r      [00]  
0000BBr    1 [01]  03 0C        [00]  jbc STATUS, cf
0000BCr    1 [01]  00 14 r      [00]  EXTJMP L$64
------     1 [--]               [00]  .stabn 192,0,2,L152
------     1 [--]               [00]  L152:
------     1 [--]               [00]  .stabn 68,0,225,L153
------     1 [--]               [00]  L153:
------     1 [--]               [00]  .stabn 68,0,226,L154
------     1 [--]               [00]  L154:
0000BDr    1 [01]  C0 00 r      [00]  clr _Temperature_collection_temp
0000BEr    1 [01]  00 14 r      [00]  jmp @L$69
------     1 [--]               [00]  L$66:
------     1 [--]               [00]  .stabn 192,0,3,L155
------     1 [--]               [00]  L155:
------     1 [--]               [00]  .stabn 68,0,227,L156
------     1 [--]               [00]  L156:
------     1 [--]               [00]  .stabn 68,0,228,L157
------     1 [--]               [00]  L157:
0000BFr    1 [01]  00 04 r      [00]  LDA _Temperature_collection_temp,0,0
0000C0r    1 [01]  40 00 r      [00]  mov ecx,a
0000C1r    1 [01]  00 04 r      [00]  LDA _NTC_CAP_charge_time,0,0
0000C2r    1 [01]  40 00 r      [00]  mov eax,a
0000C3r    1 [01]  01 04 r      [00]  LDA _NTC_CAP_charge_time,1,0
0000C4r    1 [01]  41 00 r      [00]  mov eax+1,a
0000C5r    1 [01]  00 04 r      [00]  mov a,ecx
0000C6r    1 [01]  00 10 r      [00]  call _wenducode
0000C7r    1 [01]  40 00 r      [00]  mov ecx,a
0000C8r    1 [01]  C1 00 r      [00]  clr ecx+1
0000C9r    1 [01]  01 04 r      [00]  UGTRRW eax,ecx
           1 [01]  01 01 r      [00]  
           1 [01]  83 0E r      [00]  
           1 [01]  00 14 r      [00]  
           1 [01]  00 04 r      [00]  
           1 [01]  00 01 r      [00]  
0000CFr    1 [01]  03 0C        [00]  jbc STATUS,cf
0000D0r    1 [01]  00 14 r      [00]  EXTJMP @L$70
------     1 [--]               [00]  .stabn 192,0,4,L158
------     1 [--]               [00]  L158:
------     1 [--]               [00]  .stabn 68,0,229,L159
------     1 [--]               [00]  L159:
------     1 [--]               [00]  .stabn 68,0,230,L160
------     1 [--]               [00]  L160:
0000D1r    1 [01]  00 04 r      [00]  LDA _Temperature_collection_temp,0,0
0000D2r    1 [01]  40 00 r      [00]  STA _Temperature_collection_data,0,0
------     1 [--]               [00]  .stabn 68,0,231,L161
------     1 [--]               [00]  L161:
0000D3r    1 [01]  00 14 r      [00]  jmp @L$68
------     1 [--]               [00]  .stabn 68,0,232,L162
------     1 [--]               [00]  L162:
------     1 [--]               [00]  .stabn 224,0,4,L163
------     1 [--]               [00]  L163:
------     1 [--]               [00]  L$70:
------     1 [--]               [00]  .stabn 68,0,233,L164
------     1 [--]               [00]  L164:
------     1 [--]               [00]  .stabn 224,0,3,L165
------     1 [--]               [00]  L165:
------     1 [--]               [00]  L$67:
------     1 [--]               [00]  .stabn 68,0,226,L166
------     1 [--]               [00]  L166:
0000D4r    1 [01]  40 05 r      [00]  LDA _Temperature_collection_temp,0,0
0000D5r    1 [--]  -- --        [00]  add a,@1
0000D6r    1 [--]  -- --        [00]  STA _Temperature_collection_temp,0,0
------     1 [--]               [00]  L$69:
------     1 [--]               [00]  .stabn 68,0,226,L167
------     1 [--]               [00]  L167:
0000D7r    1 [01]  64 18 r      [00]  ULTRIB _Temperature_collection_temp,0x64
           1 [01]  00 01 r      [00]  
0000D9r    1 [01]  03 0E        [00]  jbs STATUS, cf
0000DAr    1 [01]  00 14 r      [00]  EXTJMP L$66
------     1 [--]               [00]  L$68:
------     1 [--]               [00]  .stabn 68,0,234,L168
------     1 [--]               [00]  L168:
0000DBr    1 [01]  00 04 r      [00]  EQNEPRIB _Temperature_collection_temp,100
           1 [01]  64 1B r      [00]  
0000DDr    1 [01]  83 0E        [00]  jbs STATUS,zf
0000DEr    1 [01]  00 14 r      [00]  EXTJMP @L$72
------     1 [--]               [00]  .stabn 192,0,3,L169
------     1 [--]               [00]  L169:
------     1 [--]               [00]  .stabn 68,0,235,L170
------     1 [--]               [00]  L170:
------     1 [--]               [00]  .stabn 68,0,236,L171
------     1 [--]               [00]  L171:
0000DFr    1 [01]  63 18        [00]  mov a,@99
0000E0r    1 [01]  40 00 r      [00]  STA _Temperature_collection_data,0,0
------     1 [--]               [00]  .stabn 68,0,237,L172
------     1 [--]               [00]  L172:
------     1 [--]               [00]  .stabn 224,0,3,L173
------     1 [--]               [00]  L173:
------     1 [--]               [00]  L$72:
------     1 [--]               [00]  .stabn 68,0,238,L174
------     1 [--]               [00]  L174:
0000E1r    1 [01]  C0 00 r      [00]  clr _Temperature_collection_count
------     1 [--]               [00]  .stabn 68,0,239,L175
------     1 [--]               [00]  L175:
0000E2r    1 [01]  00 0A r      [00]  bs _Display_AIP1620_flag,BIT
------     1 [--]               [00]  .stabn 68,0,240,L176
------     1 [--]               [00]  L176:
------     1 [--]               [00]  .stabn 224,0,2,L177
------     1 [--]               [00]  L177:
------     1 [--]               [00]  L$64:
------     1 [--]               [00]  .stabn 68,0,247,L178
------     1 [--]               [00]  L178:
0000E3r    1 [01]  C1 00 r      [00]  clr _NTC_CAP_charge_time+1
0000E4r    1 [01]  C0 00 r      [00]  clr _NTC_CAP_charge_time
------     1 [--]               [00]  .stabn 68,0,248,L179
------     1 [--]               [00]  L179:
0000E5r    1 [01]  C1 00 r      [00]  clr _R10K_CAP_charge_time+1
0000E6r    1 [01]  C0 00 r      [00]  clr _R10K_CAP_charge_time
------     1 [--]               [00]  .stabn 68,0,249,L180
------     1 [--]               [00]  L180:
0000E7r    1 [01]  C0 00 r      [00]  clr _Temperature_collection_times
------     1 [--]               [00]  .stabn 68,0,250,L181
------     1 [--]               [00]  L181:
0000E8r    1 [01]  C0 00 r      [00]  clr _Temperature_collection_status
------     1 [--]               [00]  .stabn 68,0,251,L182
------     1 [--]               [00]  L182:
0000E9r    1 [01]  00 14 r      [00]  jmp @L$46
------     1 [--]               [00]  L$45:
------     1 [--]               [00]  .stabn 68,0,254,L183
------     1 [--]               [00]  L183:
0000EAr    1 [01]  C0 00 r      [00]  clr _Temperature_collection_status
------     1 [--]               [00]  .stabn 68,0,255,L184
------     1 [--]               [00]  L184:
------     1 [--]               [00]  .stabn 68,0,256,L185
------     1 [--]               [00]  L185:
------     1 [--]               [00]  .stabn 224,0,1,L186
------     1 [--]               [00]  L186:
------     1 [--]               [00]  L$46:
------     1 [--]               [00]  .stabn 68,0,257,L187
------     1 [--]               [00]  L187:
------     1 [--]               [00]  .stabn 224,0,0,L188
------     1 [--]               [00]  L188:
------     1 [--]               [00]  L$38:
0000EBr    1 [01]  3C 04 r      [00]  mov a,Temperature_collection_bp-4
0000ECr    1 [01]  40 00 r      [00]  mov ecx,a
0000EDr    1 [01]  3D 04 r      [00]  mov a,Temperature_collection_bp-3
0000EEr    1 [01]  41 00 r      [00]  mov ecx+1,a
0000EFr    1 [01]  3E 04 r      [00]  mov a,Temperature_collection_bp-2
0000F0r    1 [01]  42 00 r      [00]  mov ecx+2,a
0000F1r    1 [01]  3F 04 r      [00]  mov a,Temperature_collection_bp-1
0000F2r    1 [01]  43 00 r      [00]  mov ecx+3,a
0000F3r    1 [01]  12 00        [00]  ret
------     1 [--]               [00]  .STACK Temperature_collection_bp,local,4
------     1 [--]               [00]  .section ".bss"
------     1 [--]               [00]  public _Temperature_collection_status
------     1 [--]               [00]  .align 1
------     1 [--]               [00]  _Temperature_collection_status:
------     1 [--]               [00]  .SYMDEF "_Temperature_collection_status" LEN:1
000000r    1 [--]  xx           [00]  ds 1
------     1 [--]               [00]  .stabs "Temperature_collection_status:G10",32,0,0,_Temperature_collection_status
------     1 [--]               [00]  public _Temperature_collection_times
------     1 [--]               [00]  .align 1
------     1 [--]               [00]  _Temperature_collection_times:
------     1 [--]               [00]  .SYMDEF "_Temperature_collection_times" LEN:1
000001r    1 [--]  xx           [00]  ds 1
------     1 [--]               [00]  .stabs "Temperature_collection_times:G10",32,0,0,_Temperature_collection_times
------     1 [--]               [00]  public _Temperature_collection_count
------     1 [--]               [00]  .align 1
------     1 [--]               [00]  _Temperature_collection_count:
------     1 [--]               [00]  .SYMDEF "_Temperature_collection_count" LEN:1
000002r    1 [--]  xx           [00]  ds 1
------     1 [--]               [00]  .stabs "Temperature_collection_count:G10",32,0,0,_Temperature_collection_count
------     1 [--]               [00]  public _Temperature_collection_temp
------     1 [--]               [00]  .align 1
------     1 [--]               [00]  _Temperature_collection_temp:
------     1 [--]               [00]  .SYMDEF "_Temperature_collection_temp" LEN:1
000003r    1 [--]  xx           [00]  ds 1
------     1 [--]               [00]  .stabs "Temperature_collection_temp:G10",32,0,0,_Temperature_collection_temp
------     1 [--]               [00]  public _NTC_CAP_charge_time_temp
------     1 [--]               [00]  .align 1
------     1 [--]               [00]  _NTC_CAP_charge_time_temp:
------     1 [--]               [00]  .SYMDEF "_NTC_CAP_charge_time_temp" LEN:2
000004r    1 [--]  xx xx        [00]  ds 2
------     1 [--]               [00]  .stabs "NTC_CAP_charge_time_temp:G13",32,0,0,_NTC_CAP_charge_time_temp
------     1 [--]               [00]  public _R10K_CAP_charge_time
------     1 [--]               [00]  .align 1
------     1 [--]               [00]  _R10K_CAP_charge_time:
------     1 [--]               [00]  .SYMDEF "_R10K_CAP_charge_time" LEN:2
000006r    1 [--]  xx xx        [00]  ds 2
------     1 [--]               [00]  .stabs "R10K_CAP_charge_time:G13",32,0,0,_R10K_CAP_charge_time
------     1 [--]               [00]  public _NTC_CAP_charge_time
------     1 [--]               [00]  .align 1
------     1 [--]               [00]  _NTC_CAP_charge_time:
------     1 [--]               [00]  .SYMDEF "_NTC_CAP_charge_time" LEN:2
000008r    1 [--]  xx xx        [00]  ds 2
------     1 [--]               [00]  .stabs "NTC_CAP_charge_time:G13",32,0,0,_NTC_CAP_charge_time
------     1 [--]               [00]  public _CAP_charge_time
------     1 [--]               [00]  .align 1
------     1 [--]               [00]  _CAP_charge_time:
------     1 [--]               [00]  .SYMDEF "_CAP_charge_time" LEN:2
00000Ar    1 [--]  xx xx        [00]  ds 2
------     1 [--]               [00]  .stabs "CAP_charge_time:G13",32,0,0,_CAP_charge_time
------     1 [--]               [00]  public _Temperature_collection_data
------     1 [--]               [00]  .align 1
------     1 [--]               [00]  _Temperature_collection_data:
------     1 [--]               [00]  .SYMDEF "_Temperature_collection_data" LEN:1
00000Cr    1 [--]  xx           [00]  ds 1
------     1 [--]               [00]  .stabs "Temperature_collection_data:G10",32,0,0,_Temperature_collection_data
------     1 [--]               [00]  extrn _Display_AIP1620_flag
------     1 [--]               [00]  .section ".bss"
------     1 [--]               [00]  .align 1
------     1 [--]               [00]  _TCIF:
------     1 [--]               [00]  .SYMDEF "_TCIF" REG:0,BIT:0,15,LEN:1
00000Dr    1 [--]  xx           [00]  ds 1
------     1 [--]               [00]  .stabs "TCIF:S16",40,0,0,_TCIF
------     1 [--]               [00]  .align 1
------     1 [--]               [00]  _ICIF:
------     1 [--]               [00]  .SYMDEF "_ICIF" REG:0,BIT:1,15,LEN:1
00000Er    1 [--]  xx           [00]  ds 1
------     1 [--]               [00]  .stabs "ICIF:S16",40,0,0,_ICIF
------     1 [--]               [00]  .align 1
------     1 [--]               [00]  _EXIF:
------     1 [--]               [00]  .SYMDEF "_EXIF" REG:0,BIT:2,15,LEN:1
00000Fr    1 [--]  xx           [00]  ds 1
------     1 [--]               [00]  .stabs "EXIF:S16",40,0,0,_EXIF
------     1 [--]               [00]  .align 1
------     1 [--]               [00]  _P60:
------     1 [--]               [00]  .SYMDEF "_P60" REG:0,BIT:0,6,LEN:1
000010r    1 [--]  xx           [00]  ds 1
------     1 [--]               [00]  .stabs "P60:S16",40,0,0,_P60
------     1 [--]               [00]  .align 1
------     1 [--]               [00]  _P61:
------     1 [--]               [00]  .SYMDEF "_P61" REG:0,BIT:1,6,LEN:1
000011r    1 [--]  xx           [00]  ds 1
------     1 [--]               [00]  .stabs "P61:S16",40,0,0,_P61
------     1 [--]               [00]  .align 1
------     1 [--]               [00]  _P62:
------     1 [--]               [00]  .SYMDEF "_P62" REG:0,BIT:2,6,LEN:1
000012r    1 [--]  xx           [00]  ds 1
------     1 [--]               [00]  .stabs "P62:S16",40,0,0,_P62
------     1 [--]               [00]  .align 1
------     1 [--]               [00]  _P63:
------     1 [--]               [00]  .SYMDEF "_P63" REG:0,BIT:3,6,LEN:1
000013r    1 [--]  xx           [00]  ds 1
------     1 [--]               [00]  .stabs "P63:S16",40,0,0,_P63
------     1 [--]               [00]  .align 1
------     1 [--]               [00]  _P64:
------     1 [--]               [00]  .SYMDEF "_P64" REG:0,BIT:4,6,LEN:1
000014r    1 [--]  xx           [00]  ds 1
------     1 [--]               [00]  .stabs "P64:S16",40,0,0,_P64
------     1 [--]               [00]  .align 1
------     1 [--]               [00]  _P65:
------     1 [--]               [00]  .SYMDEF "_P65" REG:0,BIT:5,6,LEN:1
000015r    1 [--]  xx           [00]  ds 1
------     1 [--]               [00]  .stabs "P65:S16",40,0,0,_P65
------     1 [--]               [00]  .align 1
------     1 [--]               [00]  _P66:
------     1 [--]               [00]  .SYMDEF "_P66" REG:0,BIT:6,6,LEN:1
000016r    1 [--]  xx           [00]  ds 1
------     1 [--]               [00]  .stabs "P66:S16",40,0,0,_P66
------     1 [--]               [00]  .align 1
------     1 [--]               [00]  _P67:
------     1 [--]               [00]  .SYMDEF "_P67" REG:0,BIT:7,6,LEN:1
000017r    1 [--]  xx           [00]  ds 1
------     1 [--]               [00]  .stabs "P67:S16",40,0,0,_P67
------     1 [--]               [00]  .align 1
------     1 [--]               [00]  _P50:
------     1 [--]               [00]  .SYMDEF "_P50" REG:0,BIT:0,5,LEN:1
000018r    1 [--]  xx           [00]  ds 1
------     1 [--]               [00]  .stabs "P50:S16",40,0,0,_P50
------     1 [--]               [00]  .align 1
------     1 [--]               [00]  _P51:
------     1 [--]               [00]  .SYMDEF "_P51" REG:0,BIT:1,5,LEN:1
000019r    1 [--]  xx           [00]  ds 1
------     1 [--]               [00]  .stabs "P51:S16",40,0,0,_P51
------     1 [--]               [00]  .align 1
------     1 [--]               [00]  _P52:
------     1 [--]               [00]  .SYMDEF "_P52" REG:0,BIT:2,5,LEN:1
00001Ar    1 [--]  xx           [00]  ds 1
------     1 [--]               [00]  .stabs "P52:S16",40,0,0,_P52
------     1 [--]               [00]  .align 1
------     1 [--]               [00]  _P53:
------     1 [--]               [00]  .SYMDEF "_P53" REG:0,BIT:3,5,LEN:1
00001Br    1 [--]  xx           [00]  ds 1
------     1 [--]               [00]  .stabs "P53:S16",40,0,0,_P53
------     1 [--]               [00]  .align 1
------     1 [--]               [00]  _C:
------     1 [--]               [00]  .SYMDEF "_C" REG:0,BIT:0,3,LEN:1
00001Cr    1 [--]  xx           [00]  ds 1
------     1 [--]               [00]  .stabs "C:S16",40,0,0,_C
------     1 [--]               [00]  .align 1
------     1 [--]               [00]  _DC:
------     1 [--]               [00]  .SYMDEF "_DC" REG:0,BIT:1,3,LEN:1
00001Dr    1 [--]  xx           [00]  ds 1
------     1 [--]               [00]  .stabs "DC:S16",40,0,0,_DC
------     1 [--]               [00]  .align 1
------     1 [--]               [00]  _Z:
------     1 [--]               [00]  .SYMDEF "_Z" REG:0,BIT:2,3,LEN:1
00001Er    1 [--]  xx           [00]  ds 1
------     1 [--]               [00]  .stabs "Z:S16",40,0,0,_Z
------     1 [--]               [00]  .align 1
------     1 [--]               [00]  _P:
------     1 [--]               [00]  .SYMDEF "_P" REG:0,BIT:3,3,LEN:1
00001Fr    1 [--]  xx           [00]  ds 1
------     1 [--]               [00]  .stabs "P:S16",40,0,0,_P
------     1 [--]               [00]  .align 1
------     1 [--]               [00]  _T:
------     1 [--]               [00]  .SYMDEF "_T" REG:0,BIT:4,3,LEN:1
000020r    1 [--]  xx           [00]  ds 1
------     1 [--]               [00]  .stabs "T:S16",40,0,0,_T
------     1 [--]               [00]  .align 1
------     1 [--]               [00]  _GP0:
------     1 [--]               [00]  .SYMDEF "_GP0" REG:0,BIT:5,3,LEN:1
000021r    1 [--]  xx           [00]  ds 1
------     1 [--]               [00]  .stabs "GP0:S16",40,0,0,_GP0
------     1 [--]               [00]  .align 1
------     1 [--]               [00]  _GP1:
------     1 [--]               [00]  .SYMDEF "_GP1" REG:0,BIT:6,3,LEN:1
000022r    1 [--]  xx           [00]  ds 1
------     1 [--]               [00]  .stabs "GP1:S16",40,0,0,_GP1
------     1 [--]               [00]  .align 1
------     1 [--]               [00]  _RST:
------     1 [--]               [00]  .SYMDEF "_RST" REG:0,BIT:7,3,LEN:1
000023r    1 [--]  xx           [00]  ds 1
------     1 [--]               [00]  .stabs "RST:S16",40,0,0,_RST
------     1 [--]               [00]  .align 1
------     1 [--]               [00]  _IMR:
------     1 [--]               [00]  .SYMDEF "_IMR" IO:0,15,LEN:1
000024r    1 [--]  xx           [00]  ds 1
------     1 [--]               [00]  .stabs "IMR:S14",40,0,0,_IMR
------     1 [--]               [00]  .align 1
------     1 [--]               [00]  _WDTCR:
------     1 [--]               [00]  .SYMDEF "_WDTCR" IO:0,14,LEN:1
000025r    1 [--]  xx           [00]  ds 1
------     1 [--]               [00]  .stabs "WDTCR:S14",40,0,0,_WDTCR
------     1 [--]               [00]  .align 1
------     1 [--]               [00]  _PHCR:
------     1 [--]               [00]  .SYMDEF "_PHCR" IO:0,13,LEN:1
000026r    1 [--]  xx           [00]  ds 1
------     1 [--]               [00]  .stabs "PHCR:S14",40,0,0,_PHCR
------     1 [--]               [00]  .align 1
------     1 [--]               [00]  _ODCR:
------     1 [--]               [00]  .SYMDEF "_ODCR" IO:0,12,LEN:1
000027r    1 [--]  xx           [00]  ds 1
------     1 [--]               [00]  .stabs "ODCR:S14",40,0,0,_ODCR
------     1 [--]               [00]  .align 1
------     1 [--]               [00]  _PDCR:
------     1 [--]               [00]  .SYMDEF "_PDCR" IO:0,11,LEN:1
000028r    1 [--]  xx           [00]  ds 1
------     1 [--]               [00]  .stabs "PDCR:S14",40,0,0,_PDCR
------     1 [--]               [00]  .align 1
------     1 [--]               [00]  _P6CR:
------     1 [--]               [00]  .SYMDEF "_P6CR" IO:0,6,LEN:1
000029r    1 [--]  xx           [00]  ds 1
------     1 [--]               [00]  .stabs "P6CR:S14",40,0,0,_P6CR
------     1 [--]               [00]  .align 1
------     1 [--]               [00]  _P5CR:
------     1 [--]               [00]  .SYMDEF "_P5CR" IO:0,5,LEN:1
00002Ar    1 [--]  xx           [00]  ds 1
------     1 [--]               [00]  .stabs "P5CR:S14",40,0,0,_P5CR
------     1 [--]               [00]  .align 1
------     1 [--]               [00]  _ISR:
------     1 [--]               [00]  .SYMDEF "_ISR" REG:0,15,LEN:1
00002Br    1 [--]  xx           [00]  ds 1
------     1 [--]               [00]  .stabs "ISR:S14",40,0,0,_ISR
------     1 [--]               [00]  .align 1
------     1 [--]               [00]  _PORT6:
------     1 [--]               [00]  .SYMDEF "_PORT6" REG:0,6,LEN:1
00002Cr    1 [--]  xx           [00]  ds 1
------     1 [--]               [00]  .stabs "PORT6:S14",40,0,0,_PORT6
------     1 [--]               [00]  .align 1
------     1 [--]               [00]  _PORT5:
------     1 [--]               [00]  .SYMDEF "_PORT5" REG:0,5,LEN:1
00002Dr    1 [--]  xx           [00]  ds 1
------     1 [--]               [00]  .stabs "PORT5:S14",40,0,0,_PORT5
------     1 [--]               [00]  .align 1
------     1 [--]               [00]  _RSR:
------     1 [--]               [00]  .SYMDEF "_RSR" REG:0,4,LEN:1
00002Er    1 [--]  xx           [00]  ds 1
------     1 [--]               [00]  .stabs "RSR:S14",40,0,0,_RSR
------     1 [--]               [00]  .align 1
------     1 [--]               [00]  _STATUS:
------     1 [--]               [00]  .SYMDEF "_STATUS" REG:0,3,LEN:1
00002Fr    1 [--]  xx           [00]  ds 1
------     1 [--]               [00]  .stabs "STATUS:S14",40,0,0,_STATUS
------     1 [--]               [00]  .align 1
------     1 [--]               [00]  _PC:
------     1 [--]               [00]  .SYMDEF "_PC" REG:0,2,LEN:1
000030r    1 [--]  xx           [00]  ds 1
------     1 [--]               [00]  .stabs "PC:S14",40,0,0,_PC
------     1 [--]               [00]  .align 1
------     1 [--]               [00]  _TCC:
------     1 [--]               [00]  .SYMDEF "_TCC" REG:0,1,LEN:1
000031r    1 [--]  xx           [00]  ds 1
------     1 [--]               [00]  .stabs "TCC:S14",40,0,0,_TCC
------     1 [--]               [00]  .align 1
------     1 [--]               [00]  _R0:
------     1 [--]               [00]  .SYMDEF "_R0" REG:0,0,LEN:1
000032r    1 [--]  xx           [00]  ds 1
------     1 [--]               [00]  .stabs "R0:S14",40,0,0,_R0
------     1 [--]               [00]  .section ".code"
------     1 [--]               [00]  end
------     1 [--]               [00]  

	** End of list file D:\项目任务文件\项目任务文件\项目任务\项目（3）2018年开发\项目141（嘉兴英伦集成吊顶）MD-01\MD-01程序153B-SOP8\NTC3435.lst **