*************************************
------------- Call Depth ------------
 Depth  Interrupt    Function
-------------------------------------
    0        N         ProgramStart
    1        Y           _interrupt_l
    1        Y           _interrupt
    0        N         _main
C   1        N           _keyscan
C   2        N             _delayms
C   2        N             _delayms
C   1        N           _mode0
C   2        N             _keyscan
C   3        N               _delayms
C   3        N               _delayms
C   1        N           _mode1
C   1        N           _mode2
-------------------------------------
Stack Depth: 3
****************************************
------------- Free ROM Size ------------
Start=0X1    , End=0X7    , Size=7
Start=0X205  , End=0X3FF  , Size=507
----------------------------------------
EM78P173N       |        ROM Size        
----------------+-----------------------
Total           |  1024 x 13 bits(100.0%)
Used            |   510 x 13 bits( 49.8%)
Free            |   514 x 13 bits( 50.2%)
----------------------------------------
*************************************
-------------- Data Map -------------
d -- Uninitialized data
D -- Initialized data
b -- Uninitialized bit data
B -- Initialized bit data
C -- C Register
-------------- RAM Data -------------
0x00  - - - - - - - - - - - - - - - - 
0x10  - - - - - - - - - - - - - - - - 
0x20  B D D D D D D D D d d d d - - - 
0x30  - - - - - - - - - - - - - - - - 
----------- Register Data -----------
0x00  d d d b d b b - - - - - - - b b 
0x10  d C - - - - - - - - - - - - - - 
0x20  - - - - - b b - - - - - - - b b 
-------------- IO Data --------------
0x00  - - - - - d d - - - - d d d d d 
****************************************
--------------- ROM Code ---------------
    0x0000 :  JMP   0x00B       
    0x0001 :  ADD   A, @0xFF    
    0x0002 :  ADD   A, @0xFF    
    0x0003 :  ADD   A, @0xFF    
    0x0004 :  ADD   A, @0xFF    
    0x0005 :  ADD   A, @0xFF    
    0x0006 :  ADD   A, @0xFF    
    0x0007 :  ADD   A, @0xFF    
    0x0008 :  BC    0x03, 5     
    0x0009 :  BC    0x03, 6     
    0x000A :  JMP   0x049       
C:\Users\daminger\OneDrive\代码\light - v101 - 25A8\light.c (line 275)
  ;WDTC();
    0x000B :  BANK  @0x0        
    0x000C :  MOV   A, @0x0E    
    0x000D :  MOV   0x20, A     
    0x000E :  MOV   A, @0x00    
    0x000F :  MOV   0x21, A     
    0x0010 :  MOV   0x22, A     
    0x0011 :  MOV   0x23, A     
    0x0012 :  MOV   0x24, A     
    0x0013 :  MOV   0x25, A     
    0x0014 :  MOV   A, @0x01    
    0x0015 :  MOV   0x26, A     
    0x0016 :  MOV   A, @0x00    
    0x0017 :  MOV   0x27, A     
    0x0018 :  MOV   A, @0x02    
    0x0019 :  MOV   0x28, A     
    0x001A :  WDTC              
C:\Users\daminger\OneDrive\代码\light - v101 - 25A8\light.c (line 276)
  ;DISI();
    0x001B :  DISI              
C:\Users\daminger\OneDrive\代码\light - v101 - 25A8\light.c (line 277)
  ;WDTCR=0;				//禁止WDT
    0x001C :  MOV   A, @0x00    
    0x001D :  IOW   0xE         
C:\Users\daminger\OneDrive\代码\light - v101 - 25A8\light.c (line 278)
  ;P6CR=0x38;				//P63,P64,P65设为输入,其他输出
    0x001E :  MOV   A, @0x38    
    0x001F :  IOW   0x6         
C:\Users\daminger\OneDrive\代码\light - v101 - 25A8\light.c (line 279)
  ;P5CR=0;
    0x0020 :  MOV   A, @0x00    
    0x0021 :  IOW   0x5         
C:\Users\daminger\OneDrive\代码\light - v101 - 25A8\light.c (line 280)
  ;PORT5=0;
    0x0022 :  BANK  @0x0        
    0x0023 :  CLR   0x05        
C:\Users\daminger\OneDrive\代码\light - v101 - 25A8\light.c (line 281)
  ;PHCR=0b11001111;		//0使能上拉,1关闭上拉
    0x0024 :  MOV   A, @0xCF    
    0x0025 :  IOW   0xD         
C:\Users\daminger\OneDrive\代码\light - v101 - 25A8\light.c (line 282)
  ;PORT6=0;				//PORT6输出低
    0x0026 :  CLR   0x06        
C:\Users\daminger\OneDrive\代码\light - v101 - 25A8\light.c (line 284)
  ;mov	a,@0x07
    0x0027 :  MOV   A, @0x07    
C:\Users\daminger\OneDrive\代码\light - v101 - 25A8\light.c (line 285)
  ;contw				//TCC分频比设为1：256
    0x0028 :  CONTW             
C:\Users\daminger\OneDrive\代码\light - v101 - 25A8\light.c (line 287)
  ;TCC=0;					//timer=1/4*(256-0)*256*2=32.768ms
    0x0029 :  CLR   0x01        
C:\Users\daminger\OneDrive\代码\light - v101 - 25A8\light.c (line 288)
  ;ISR=0;
    0x002A :  CLR   0x0F        
C:\Users\daminger\OneDrive\代码\light - v101 - 25A8\light.c (line 289)
  ;ENI();
    0x002B :  ENI               
C:\Users\daminger\OneDrive\代码\light - v101 - 25A8\light.c (line 290)
  ;IMR=0X03;
    0x002C :  MOV   A, @0x03    
    0x002D :  IOW   0xF         
    0x002E :  JMP   0x047       
C:\Users\daminger\OneDrive\代码\light - v101 - 25A8\light.c (line 293)
  ;keyscan(); 	 		//键盘扫描
    0x002F :  CALL  0x054       
C:\Users\daminger\OneDrive\代码\light - v101 - 25A8\light.c (line 295)
  ;if(Timer_interrupt_flag)
    0x0030 :  BANK  @0x0        
    0x0031 :  JBS   0x20, 0     
    0x0032 :  JMP   0x047       
C:\Users\daminger\OneDrive\代码\light - v101 - 25A8\light.c (line 297)
  ;Timer_interrupt_flag=0;
    0x0033 :  BC    0x20, 0     
C:\Users\daminger\OneDrive\代码\light - v101 - 25A8\light.c (line 299)
  ;switch(mode_count)
    0x0034 :  MOV   A, 0x21     
    0x0035 :  MOV   0x11, A     
    0x0036 :  MOV   0x11, 0x11  
    0x0037 :  JBC   0x03, 2     
    0x0038 :  JMP   0x042       
    0x0039 :  MOV   A, 0x11     
    0x003A :  XOR   A, @0x01    
    0x003B :  JBC   0x03, 2     
    0x003C :  JMP   0x044       
    0x003D :  MOV   A, 0x11     
    0x003E :  XOR   A, @0x02    
    0x003F :  JBC   0x03, 2     
    0x0040 :  JMP   0x046       
    0x0041 :  JMP   0x047       
C:\Users\daminger\OneDrive\代码\light - v101 - 25A8\light.c (line 301)
  ;case 0: mode0();break;
    0x0042 :  CALL  0x08F       
C:\Users\daminger\OneDrive\代码\light - v101 - 25A8\light.c (line 301)
  ;case 0: mode0();break;
    0x0043 :  JMP   0x047       
C:\Users\daminger\OneDrive\代码\light - v101 - 25A8\light.c (line 302)
  ;case 1: mode1();break;
    0x0044 :  CALL  0x0B7       
    0x0045 :  JMP   0x047       
C:\Users\daminger\OneDrive\代码\light - v101 - 25A8\light.c (line 303)
  ;case 2: mode2();break;
    0x0046 :  CALL  0x10A       
C:\Users\daminger\OneDrive\代码\light - v101 - 25A8\light.c (line 291)
  ;while(1)
    0x0047 :  JMP   0x02F       
C:\Users\daminger\OneDrive\代码\light - v101 - 25A8\light.c (line 309)
  ;}
    0x0048 :  RET               
C:\Users\daminger\OneDrive\代码\light - v101 - 25A8\light.c (line 315)
  ;if	(TCIF==1)
    0x0049 :  MOV   0x10, A     
    0x004A :  BANK  @0x0        
    0x004B :  JBS   0x0F, 0     
    0x004C :  JMP   0x053       
C:\Users\daminger\OneDrive\代码\light - v101 - 25A8\light.c (line 318)
  ;ISR&=0XFE;				//清TCC中断标志位
    0x004D :  MOV   A, @0xFE    
    0x004E :  AND   0x0F, A     
C:\Users\daminger\OneDrive\代码\light - v101 - 25A8\light.c (line 319)
  ;TCC=0;					//TCC赋初值
    0x004F :  CLR   0x01        
C:\Users\daminger\OneDrive\代码\light - v101 - 25A8\light.c (line 320)
  ;PORT5^=0x01;
    0x0050 :  MOV   A, @0x01    
    0x0051 :  XOR   0x05, A     
C:\Users\daminger\OneDrive\代码\light - v101 - 25A8\light.c (line 321)
  ;Timer_interrupt_flag = 1;
    0x0052 :  BS    0x20, 0     
C:\Users\daminger\OneDrive\代码\light - v101 - 25A8\light.c (line 323)
  ;}
    0x0053 :  RETI              
C:\Users\daminger\OneDrive\代码\light - v101 - 25A8\light.c (line 246)
  ;if(!S1)					//S1按下
    0x0054 :  BANK  @0x0        
    0x0055 :  JBC   0x06, 5     
    0x0056 :  JMP   0x066       
C:\Users\daminger\OneDrive\代码\light - v101 - 25A8\light.c (line 248)
  ;delayms(10);
    0x0057 :  MOV   A, @0x0A    
    0x0058 :  MOV   0x2C, A     
    0x0059 :  CALL  0x07B       
C:\Users\daminger\OneDrive\代码\light - v101 - 25A8\light.c (line 249)
  ;if(!S1)
    0x005A :  BANK  @0x0        
    0x005B :  JBC   0x06, 5     
    0x005C :  JMP   0x066       
C:\Users\daminger\OneDrive\代码\light - v101 - 25A8\light.c (line 251)
  ;white_status++;
    0x005D :  INC   0x28        
C:\Users\daminger\OneDrive\代码\light - v101 - 25A8\light.c (line 252)
  ;if(white_status>=3)
    0x005E :  MOV   A, @0x03    
    0x005F :  SUB   A, 0x28     
    0x0060 :  JBS   0x03, 0     
    0x0061 :  JMP   0x063       
C:\Users\daminger\OneDrive\代码\light - v101 - 25A8\light.c (line 253)
  ;white_status=0;
    0x0062 :  CLR   0x28        
C:\Users\daminger\OneDrive\代码\light - v101 - 25A8\light.c (line 254)
  ;while(!S1);		//等待按键释放
    0x0063 :  BANK  @0x0        
    0x0064 :  JBS   0x06, 5     
    0x0065 :  JMP   0x063       
C:\Users\daminger\OneDrive\代码\light - v101 - 25A8\light.c (line 257)
  ;if(!S2)					//S2按下
    0x0066 :  BANK  @0x0        
    0x0067 :  JBC   0x06, 4     
    0x0068 :  JMP   0x07A       
C:\Users\daminger\OneDrive\代码\light - v101 - 25A8\light.c (line 259)
  ;delayms(10);
    0x0069 :  MOV   A, @0x0A    
    0x006A :  MOV   0x2C, A     
    0x006B :  CALL  0x07B       
C:\Users\daminger\OneDrive\代码\light - v101 - 25A8\light.c (line 260)
  ;if(!S2)
    0x006C :  BANK  @0x0        
    0x006D :  JBC   0x06, 4     
    0x006E :  JMP   0x07A       
C:\Users\daminger\OneDrive\代码\light - v101 - 25A8\light.c (line 262)
  ;white_status=2;
    0x006F :  MOV   A, @0x02    
    0x0070 :  MOV   0x28, A     
C:\Users\daminger\OneDrive\代码\light - v101 - 25A8\light.c (line 263)
  ;mode_count++;
    0x0071 :  INC   0x21        
C:\Users\daminger\OneDrive\代码\light - v101 - 25A8\light.c (line 264)
  ;if(mode_count>=3)
    0x0072 :  MOV   A, @0x03    
    0x0073 :  SUB   A, 0x21     
    0x0074 :  JBS   0x03, 0     
    0x0075 :  JMP   0x077       
C:\Users\daminger\OneDrive\代码\light - v101 - 25A8\light.c (line 265)
  ;mode_count=0;
    0x0076 :  CLR   0x21        
C:\Users\daminger\OneDrive\代码\light - v101 - 25A8\light.c (line 266)
  ;while(!S2);		//等待按键释放
    0x0077 :  BANK  @0x0        
    0x0078 :  JBS   0x06, 4     
    0x0079 :  JMP   0x077       
C:\Users\daminger\OneDrive\代码\light - v101 - 25A8\light.c (line 270)
  ;}
    0x007A :  RET               
C:\Users\daminger\OneDrive\代码\light - v101 - 25A8\light.c (line 241)
  ;for(i=xms;i>0;i--)
    0x007B :  BANK  @0x0        
    0x007C :  MOV   A, 0x2C     
    0x007D :  MOV   0x2A, A     
    0x007E :  JMP   0x08A       
C:\Users\daminger\OneDrive\代码\light - v101 - 25A8\light.c (line 242)
  ;for(j=200;j>0;j--);
    0x007F :  MOV   A, @0xC8    
    0x0080 :  BANK  @0x0        
    0x0081 :  MOV   0x2B, A     
    0x0082 :  JMP   0x085       
C:\Users\daminger\OneDrive\代码\light - v101 - 25A8\light.c (line 242)
  ;for(j=200;j>0;j--);
    0x0083 :  BANK  @0x0        
    0x0084 :  DEC   0x2B        
    0x0085 :  BANK  @0x0        
    0x0086 :  MOV   0x2B, 0x2B  
    0x0087 :  JBS   0x03, 2     
    0x0088 :  JMP   0x083       
C:\Users\daminger\OneDrive\代码\light - v101 - 25A8\light.c (line 241)
  ;for(i=xms;i>0;i--)
    0x0089 :  DEC   0x2A        
    0x008A :  BANK  @0x0        
    0x008B :  MOV   0x2A, 0x2A  
    0x008C :  JBS   0x03, 2     
    0x008D :  JMP   0x07F       
C:\Users\daminger\OneDrive\代码\light - v101 - 25A8\light.c (line 243)
  ;}
    0x008E :  RET               
C:\Users\daminger\OneDrive\代码\light - v101 - 25A8\light.c (line 41)
  ;white=0;red1=0;red2=0;
    0x008F :  BANK  @0x0        
    0x0090 :  BC    0x06, 0     
C:\Users\daminger\OneDrive\代码\light - v101 - 25A8\light.c (line 41)
  ;white=0;red1=0;red2=0;
    0x0091 :  BC    0x06, 1     
    0x0092 :  BC    0x06, 2     
C:\Users\daminger\OneDrive\代码\light - v101 - 25A8\light.c (line 43)
  ;mov		a,@0x0f
    0x0093 :  MOV   A, @0x0F    
C:\Users\daminger\OneDrive\代码\light - v101 - 25A8\light.c (line 44)
  ;contw
    0x0094 :  CONTW             
C:\Users\daminger\OneDrive\代码\light - v101 - 25A8\light.c (line 45)
  ;WDTC	                //禁止 WDT
    0x0095 :  WDTC              
C:\Users\daminger\OneDrive\代码\light - v101 - 25A8\light.c (line 46)
  ;MOV		0X6,0X6			//读取PORT6状态
    0x0096 :  MOV   0x06, 0x06  
C:\Users\daminger\OneDrive\代码\light - v101 - 25A8\light.c (line 48)
  ;DISI();					//禁止全局中断
    0x0097 :  DISI              
C:\Users\daminger\OneDrive\代码\light - v101 - 25A8\light.c (line 49)
  ;SCR=0X23;				//IRC 4MHz IDLE=0 TCC时钟源:fs(副振荡器) cpu振荡源:fm(主振荡器)
    0x0098 :  MOV   A, @0x23    
    0x0099 :  BANK  @0x1        
    0x009A :  MOV   0x0F, A     
C:\Users\daminger\OneDrive\代码\light - v101 - 25A8\light.c (line 50)
  ;IMR=0X02;				//使能Port6状态改变唤醒
    0x009B :  MOV   A, @0x02    
    0x009C :  IOW   0xF         
C:\Users\daminger\OneDrive\代码\light - v101 - 25A8\light.c (line 51)
  ;SLEP();					//进入睡眠模式 程序暂停在此不动
    0x009D :  SLEP              
C:\Users\daminger\OneDrive\代码\light - v101 - 25A8\light.c (line 52)
  ;NOP();
    0x009E :  NOP               
C:\Users\daminger\OneDrive\代码\light - v101 - 25A8\light.c (line 53)
  ;NOP();
    0x009F :  NOP               
C:\Users\daminger\OneDrive\代码\light - v101 - 25A8\light.c (line 54)
  ;WDTC();					//清WDT
    0x00A0 :  WDTC              
C:\Users\daminger\OneDrive\代码\light - v101 - 25A8\light.c (line 55)
  ;WDTCR=0;				//禁止WDT
    0x00A1 :  MOV   A, @0x00    
    0x00A2 :  IOW   0xE         
C:\Users\daminger\OneDrive\代码\light - v101 - 25A8\light.c (line 57)
  ;SCR=0X63;				////IRC 4MHz IDLE=0 TCC时钟源:fm(主振荡器) cpu振荡源:fm(主振荡器)
    0x00A3 :  MOV   A, @0x63    
    0x00A4 :  MOV   0x0F, A     
C:\Users\daminger\OneDrive\代码\light - v101 - 25A8\light.c (line 58)
  ;keyscan();
    0x00A5 :  CALL  0x054       
C:\Users\daminger\OneDrive\代码\light - v101 - 25A8\light.c (line 59)
  ;mode_count=1;				//唤醒后模式初始化
    0x00A6 :  MOV   A, @0x01    
    0x00A7 :  BANK  @0x0        
    0x00A8 :  MOV   0x21, A     
C:\Users\daminger\OneDrive\代码\light - v101 - 25A8\light.c (line 60)
  ;white_status=2;				//初始化模式1,白灯状态2
    0x00A9 :  MOV   A, @0x02    
    0x00AA :  MOV   0x28, A     
C:\Users\daminger\OneDrive\代码\light - v101 - 25A8\light.c (line 61)
  ;WDTC();
    0x00AB :  WDTC              
C:\Users\daminger\OneDrive\代码\light - v101 - 25A8\light.c (line 62)
  ;DISI();
    0x00AC :  DISI              
C:\Users\daminger\OneDrive\代码\light - v101 - 25A8\light.c (line 63)
  ;WDTCR=0;				//禁止WDT
    0x00AD :  MOV   A, @0x00    
    0x00AE :  IOW   0xE         
C:\Users\daminger\OneDrive\代码\light - v101 - 25A8\light.c (line 67)
  ;mov	a,@0x07
    0x00AF :  MOV   A, @0x07    
C:\Users\daminger\OneDrive\代码\light - v101 - 25A8\light.c (line 68)
  ;contw				//TCC分频比设为1：256
    0x00B0 :  CONTW             
C:\Users\daminger\OneDrive\代码\light - v101 - 25A8\light.c (line 70)
  ;TCC=0;					//timer=1/4*(256-0)*256*2=32.768ms
    0x00B1 :  CLR   0x01        
C:\Users\daminger\OneDrive\代码\light - v101 - 25A8\light.c (line 71)
  ;ISR=0;
    0x00B2 :  CLR   0x0F        
C:\Users\daminger\OneDrive\代码\light - v101 - 25A8\light.c (line 72)
  ;IMR=1;
    0x00B3 :  MOV   A, @0x01    
    0x00B4 :  IOW   0xF         
C:\Users\daminger\OneDrive\代码\light - v101 - 25A8\light.c (line 73)
  ;ENI();
    0x00B5 :  ENI               
C:\Users\daminger\OneDrive\代码\light - v101 - 25A8\light.c (line 76)
  ;}
    0x00B6 :  RET               
    0x00B7 :  MOV   A, 0x11     
    0x00B8 :  BANK  @0x0        
    0x00B9 :  MOV   0x29, A     
C:\Users\daminger\OneDrive\代码\light - v101 - 25A8\light.c (line 80)
  ;if(mode1_light_flag)	 	//判断当前灯是否该亮
    0x00BA :  JBS   0x20, 1     
    0x00BB :  JMP   0x0E1       
C:\Users\daminger\OneDrive\代码\light - v101 - 25A8\light.c (line 82)
  ;switch (white_status)	//白灯调节按钮
    0x00BC :  MOV   A, 0x28     
    0x00BD :  MOV   0x11, A     
    0x00BE :  MOV   0x11, 0x11  
    0x00BF :  JBC   0x03, 2     
    0x00C0 :  JMP   0x0CA       
    0x00C1 :  MOV   A, 0x11     
    0x00C2 :  XOR   A, @0x01    
    0x00C3 :  JBC   0x03, 2     
    0x00C4 :  JMP   0x0CF       
    0x00C5 :  MOV   A, 0x11     
    0x00C6 :  XOR   A, @0x02    
    0x00C7 :  JBC   0x03, 2     
    0x00C8 :  JMP   0x0D4       
    0x00C9 :  JMP   0x0D8       
C:\Users\daminger\OneDrive\代码\light - v101 - 25A8\light.c (line 84)
  ;case 0: white=1;red1=1;red2=1;break;
    0x00CA :  BANK  @0x0        
    0x00CB :  BS    0x06, 0     
C:\Users\daminger\OneDrive\代码\light - v101 - 25A8\light.c (line 84)
  ;case 0: white=1;red1=1;red2=1;break;
    0x00CC :  BS    0x06, 1     
    0x00CD :  BS    0x06, 2     
C:\Users\daminger\OneDrive\代码\light - v101 - 25A8\light.c (line 84)
  ;case 0: white=1;red1=1;red2=1;break;
    0x00CE :  JMP   0x0D8       
C:\Users\daminger\OneDrive\代码\light - v101 - 25A8\light.c (line 85)
  ;case 1: white=0;red1=1;red2=1;break;
    0x00CF :  BANK  @0x0        
    0x00D0 :  BC    0x06, 0     
    0x00D1 :  BS    0x06, 1     
C:\Users\daminger\OneDrive\代码\light - v101 - 25A8\light.c (line 85)
  ;case 1: white=0;red1=1;red2=1;break;
    0x00D2 :  BS    0x06, 2     
    0x00D3 :  JMP   0x0D8       
C:\Users\daminger\OneDrive\代码\light - v101 - 25A8\light.c (line 86)
  ;case 2: white=1;red1=1;red2=1;break;
    0x00D4 :  BANK  @0x0        
    0x00D5 :  BS    0x06, 0     
    0x00D6 :  BS    0x06, 1     
C:\Users\daminger\OneDrive\代码\light - v101 - 25A8\light.c (line 86)
  ;case 2: white=1;red1=1;red2=1;break;
    0x00D7 :  BS    0x06, 2     
C:\Users\daminger\OneDrive\代码\light - v101 - 25A8\light.c (line 89)
  ;mode1_count1++;			//灯亮1单位
    0x00D8 :  BANK  @0x0        
    0x00D9 :  INC   0x22        
C:\Users\daminger\OneDrive\代码\light - v101 - 25A8\light.c (line 90)
  ;if(mode1_count1>=4)		//判断灯亮是否到4单位
    0x00DA :  MOV   A, @0x04    
    0x00DB :  SUB   A, 0x22     
    0x00DC :  JBS   0x03, 0     
    0x00DD :  JMP   0x106       
C:\Users\daminger\OneDrive\代码\light - v101 - 25A8\light.c (line 92)
  ;mode1_count1=0;		//重置计数
    0x00DE :  CLR   0x22        
C:\Users\daminger\OneDrive\代码\light - v101 - 25A8\light.c (line 93)
  ;mode1_light_flag=0;	//灯亮标志置零
    0x00DF :  BC    0x20, 1     
    0x00E0 :  JMP   0x106       
C:\Users\daminger\OneDrive\代码\light - v101 - 25A8\light.c (line 99)
  ;switch (white_status)
    0x00E1 :  BANK  @0x0        
    0x00E2 :  MOV   A, 0x28     
    0x00E3 :  MOV   0x11, A     
    0x00E4 :  MOV   0x11, 0x11  
    0x00E5 :  JBC   0x03, 2     
    0x00E6 :  JMP   0x0F0       
    0x00E7 :  MOV   A, 0x11     
    0x00E8 :  XOR   A, @0x01    
    0x00E9 :  JBC   0x03, 2     
    0x00EA :  JMP   0x0F5       
    0x00EB :  MOV   A, 0x11     
    0x00EC :  XOR   A, @0x02    
    0x00ED :  JBC   0x03, 2     
    0x00EE :  JMP   0x0FA       
    0x00EF :  JMP   0x0FE       
C:\Users\daminger\OneDrive\代码\light - v101 - 25A8\light.c (line 101)
  ;case 0: white=1;red1=0;red2=0;break;
    0x00F0 :  BANK  @0x0        
    0x00F1 :  BS    0x06, 0     
C:\Users\daminger\OneDrive\代码\light - v101 - 25A8\light.c (line 101)
  ;case 0: white=1;red1=0;red2=0;break;
    0x00F2 :  BC    0x06, 1     
    0x00F3 :  BC    0x06, 2     
C:\Users\daminger\OneDrive\代码\light - v101 - 25A8\light.c (line 101)
  ;case 0: white=1;red1=0;red2=0;break;
    0x00F4 :  JMP   0x0FE       
C:\Users\daminger\OneDrive\代码\light - v101 - 25A8\light.c (line 102)
  ;case 1: white=0;red1=0;red2=0;break;
    0x00F5 :  BANK  @0x0        
    0x00F6 :  BC    0x06, 0     
    0x00F7 :  BC    0x06, 1     
C:\Users\daminger\OneDrive\代码\light - v101 - 25A8\light.c (line 102)
  ;case 1: white=0;red1=0;red2=0;break;
    0x00F8 :  BC    0x06, 2     
    0x00F9 :  JMP   0x0FE       
C:\Users\daminger\OneDrive\代码\light - v101 - 25A8\light.c (line 103)
  ;case 2: white=0;red1=0;red2=0;break;
    0x00FA :  BANK  @0x0        
    0x00FB :  BC    0x06, 0     
    0x00FC :  BC    0x06, 1     
C:\Users\daminger\OneDrive\代码\light - v101 - 25A8\light.c (line 103)
  ;case 2: white=0;red1=0;red2=0;break;
    0x00FD :  BC    0x06, 2     
C:\Users\daminger\OneDrive\代码\light - v101 - 25A8\light.c (line 106)
  ;mode1_count2++;
    0x00FE :  BANK  @0x0        
    0x00FF :  INC   0x23        
C:\Users\daminger\OneDrive\代码\light - v101 - 25A8\light.c (line 107)
  ;if(mode1_count2>=4)
    0x0100 :  MOV   A, @0x04    
    0x0101 :  SUB   A, 0x23     
    0x0102 :  JBS   0x03, 0     
    0x0103 :  JMP   0x106       
C:\Users\daminger\OneDrive\代码\light - v101 - 25A8\light.c (line 109)
  ;mode1_count2=0;
    0x0104 :  CLR   0x23        
C:\Users\daminger\OneDrive\代码\light - v101 - 25A8\light.c (line 110)
  ;mode1_light_flag=1;
    0x0105 :  BS    0x20, 1     
C:\Users\daminger\OneDrive\代码\light - v101 - 25A8\light.c (line 114)
  ;}
    0x0106 :  BANK  @0x0        
    0x0107 :  MOV   A, 0x29     
    0x0108 :  MOV   0x11, A     
    0x0109 :  RET               
    0x010A :  MOV   A, 0x11     
    0x010B :  BANK  @0x0        
    0x010C :  MOV   0x29, A     
C:\Users\daminger\OneDrive\代码\light - v101 - 25A8\light.c (line 120)
  ;if(mode2_red1_flag)					//判断是否该亮红灯1
    0x010D :  JBS   0x20, 2     
    0x010E :  JMP   0x188       
C:\Users\daminger\OneDrive\代码\light - v101 - 25A8\light.c (line 122)
  ;if(mode2_four_cycle_flag)	//判断四次循环是否结束
    0x010F :  MOV   0x26, 0x26  
    0x0110 :  JBC   0x03, 2     
    0x0111 :  JMP   0x160       
C:\Users\daminger\OneDrive\代码\light - v101 - 25A8\light.c (line 124)
  ;if(mode2_light_flag)		//判断当前是否亮灯
    0x0112 :  JBS   0x20, 3     
    0x0113 :  JMP   0x139       
C:\Users\daminger\OneDrive\代码\light - v101 - 25A8\light.c (line 126)
  ;switch (white_status)	//白灯调节按钮
    0x0114 :  MOV   A, 0x28     
    0x0115 :  MOV   0x11, A     
    0x0116 :  MOV   0x11, 0x11  
    0x0117 :  JBC   0x03, 2     
    0x0118 :  JMP   0x122       
    0x0119 :  MOV   A, 0x11     
    0x011A :  XOR   A, @0x01    
    0x011B :  JBC   0x03, 2     
    0x011C :  JMP   0x127       
    0x011D :  MOV   A, 0x11     
    0x011E :  XOR   A, @0x02    
    0x011F :  JBC   0x03, 2     
    0x0120 :  JMP   0x12C       
    0x0121 :  JMP   0x130       
C:\Users\daminger\OneDrive\代码\light - v101 - 25A8\light.c (line 128)
  ;case 0: white=1;red1=1;red2=0;break;
    0x0122 :  BANK  @0x0        
    0x0123 :  BS    0x06, 0     
C:\Users\daminger\OneDrive\代码\light - v101 - 25A8\light.c (line 128)
  ;case 0: white=1;red1=1;red2=0;break;
    0x0124 :  BS    0x06, 1     
    0x0125 :  BC    0x06, 2     
C:\Users\daminger\OneDrive\代码\light - v101 - 25A8\light.c (line 128)
  ;case 0: white=1;red1=1;red2=0;break;
    0x0126 :  JMP   0x130       
C:\Users\daminger\OneDrive\代码\light - v101 - 25A8\light.c (line 129)
  ;case 1: white=0;red1=1;red2=0;break;
    0x0127 :  BANK  @0x0        
    0x0128 :  BC    0x06, 0     
    0x0129 :  BS    0x06, 1     
C:\Users\daminger\OneDrive\代码\light - v101 - 25A8\light.c (line 129)
  ;case 1: white=0;red1=1;red2=0;break;
    0x012A :  BC    0x06, 2     
    0x012B :  JMP   0x130       
C:\Users\daminger\OneDrive\代码\light - v101 - 25A8\light.c (line 130)
  ;case 2: white=1;red1=1;red2=0;break;//case0同case2
    0x012C :  BANK  @0x0        
    0x012D :  BS    0x06, 0     
    0x012E :  BS    0x06, 1     
C:\Users\daminger\OneDrive\代码\light - v101 - 25A8\light.c (line 130)
  ;case 2: white=1;red1=1;red2=0;break;//case0同case2
    0x012F :  BC    0x06, 2     
C:\Users\daminger\OneDrive\代码\light - v101 - 25A8\light.c (line 133)
  ;mode2_count1++;
    0x0130 :  BANK  @0x0        
    0x0131 :  INC   0x24        
C:\Users\daminger\OneDrive\代码\light - v101 - 25A8\light.c (line 134)
  ;if(mode2_count1>=2)
    0x0132 :  MOV   A, @0x02    
    0x0133 :  SUB   A, 0x24     
    0x0134 :  JBS   0x03, 0     
    0x0135 :  JMP   0x201       
C:\Users\daminger\OneDrive\代码\light - v101 - 25A8\light.c (line 136)
  ;mode2_count1=0;
    0x0136 :  CLR   0x24        
C:\Users\daminger\OneDrive\代码\light - v101 - 25A8\light.c (line 137)
  ;mode2_light_flag=0;
    0x0137 :  BC    0x20, 3     
    0x0138 :  JMP   0x201       
C:\Users\daminger\OneDrive\代码\light - v101 - 25A8\light.c (line 143)
  ;switch (white_status)	//白灯调节按钮
    0x0139 :  BANK  @0x0        
    0x013A :  MOV   A, 0x28     
    0x013B :  MOV   0x11, A     
    0x013C :  MOV   0x11, 0x11  
    0x013D :  JBC   0x03, 2     
    0x013E :  JMP   0x148       
    0x013F :  MOV   A, 0x11     
    0x0140 :  XOR   A, @0x01    
    0x0141 :  JBC   0x03, 2     
    0x0142 :  JMP   0x14D       
    0x0143 :  MOV   A, 0x11     
    0x0144 :  XOR   A, @0x02    
    0x0145 :  JBC   0x03, 2     
    0x0146 :  JMP   0x152       
    0x0147 :  JMP   0x156       
C:\Users\daminger\OneDrive\代码\light - v101 - 25A8\light.c (line 145)
  ;case 0: white=1;red1=0;red2=0;break;
    0x0148 :  BANK  @0x0        
    0x0149 :  BS    0x06, 0     
C:\Users\daminger\OneDrive\代码\light - v101 - 25A8\light.c (line 145)
  ;case 0: white=1;red1=0;red2=0;break;
    0x014A :  BC    0x06, 1     
    0x014B :  BC    0x06, 2     
C:\Users\daminger\OneDrive\代码\light - v101 - 25A8\light.c (line 145)
  ;case 0: white=1;red1=0;red2=0;break;
    0x014C :  JMP   0x156       
C:\Users\daminger\OneDrive\代码\light - v101 - 25A8\light.c (line 146)
  ;case 1: white=0;red1=0;red2=0;break;
    0x014D :  BANK  @0x0        
    0x014E :  BC    0x06, 0     
    0x014F :  BC    0x06, 1     
C:\Users\daminger\OneDrive\代码\light - v101 - 25A8\light.c (line 146)
  ;case 1: white=0;red1=0;red2=0;break;
    0x0150 :  BC    0x06, 2     
    0x0151 :  JMP   0x156       
C:\Users\daminger\OneDrive\代码\light - v101 - 25A8\light.c (line 147)
  ;case 2: white=0;red1=0;red2=0;break;//case1同case2
    0x0152 :  BANK  @0x0        
    0x0153 :  BC    0x06, 0     
    0x0154 :  BC    0x06, 1     
C:\Users\daminger\OneDrive\代码\light - v101 - 25A8\light.c (line 147)
  ;case 2: white=0;red1=0;red2=0;break;//case1同case2
    0x0155 :  BC    0x06, 2     
C:\Users\daminger\OneDrive\代码\light - v101 - 25A8\light.c (line 150)
  ;mode2_light_flag=1;
    0x0156 :  BANK  @0x0        
    0x0157 :  BS    0x20, 3     
C:\Users\daminger\OneDrive\代码\light - v101 - 25A8\light.c (line 151)
  ;mode2_four_cycle_count++;
    0x0158 :  INC   0x27        
C:\Users\daminger\OneDrive\代码\light - v101 - 25A8\light.c (line 152)
  ;if(mode2_four_cycle_count>=4)
    0x0159 :  MOV   A, @0x04    
    0x015A :  SUB   A, 0x27     
    0x015B :  JBS   0x03, 0     
    0x015C :  JMP   0x201       
C:\Users\daminger\OneDrive\代码\light - v101 - 25A8\light.c (line 154)
  ;mode2_four_cycle_count=0;	//计数归零
    0x015D :  CLR   0x27        
C:\Users\daminger\OneDrive\代码\light - v101 - 25A8\light.c (line 155)
  ;mode2_four_cycle_flag=0;
    0x015E :  CLR   0x26        
    0x015F :  JMP   0x201       
C:\Users\daminger\OneDrive\代码\light - v101 - 25A8\light.c (line 163)
  ;switch (white_status)		//白灯调节按钮
    0x0160 :  BANK  @0x0        
    0x0161 :  MOV   A, 0x28     
    0x0162 :  MOV   0x11, A     
    0x0163 :  MOV   0x11, 0x11  
    0x0164 :  JBC   0x03, 2     
    0x0165 :  JMP   0x16F       
    0x0166 :  MOV   A, 0x11     
    0x0167 :  XOR   A, @0x01    
    0x0168 :  JBC   0x03, 2     
    0x0169 :  JMP   0x174       
    0x016A :  MOV   A, 0x11     
    0x016B :  XOR   A, @0x02    
    0x016C :  JBC   0x03, 2     
    0x016D :  JMP   0x179       
    0x016E :  JMP   0x17D       
C:\Users\daminger\OneDrive\代码\light - v101 - 25A8\light.c (line 165)
  ;case 0: white=1;red1=0;red2=0;break;
    0x016F :  BANK  @0x0        
    0x0170 :  BS    0x06, 0     
C:\Users\daminger\OneDrive\代码\light - v101 - 25A8\light.c (line 165)
  ;case 0: white=1;red1=0;red2=0;break;
    0x0171 :  BC    0x06, 1     
    0x0172 :  BC    0x06, 2     
C:\Users\daminger\OneDrive\代码\light - v101 - 25A8\light.c (line 165)
  ;case 0: white=1;red1=0;red2=0;break;
    0x0173 :  JMP   0x17D       
C:\Users\daminger\OneDrive\代码\light - v101 - 25A8\light.c (line 166)
  ;case 1: white=0;red1=0;red2=0;break;
    0x0174 :  BANK  @0x0        
    0x0175 :  BC    0x06, 0     
    0x0176 :  BC    0x06, 1     
C:\Users\daminger\OneDrive\代码\light - v101 - 25A8\light.c (line 166)
  ;case 1: white=0;red1=0;red2=0;break;
    0x0177 :  BC    0x06, 2     
    0x0178 :  JMP   0x17D       
C:\Users\daminger\OneDrive\代码\light - v101 - 25A8\light.c (line 167)
  ;case 2: white=0;red1=0;red2=0;break;//case1同case2
    0x0179 :  BANK  @0x0        
    0x017A :  BC    0x06, 0     
    0x017B :  BC    0x06, 1     
C:\Users\daminger\OneDrive\代码\light - v101 - 25A8\light.c (line 167)
  ;case 2: white=0;red1=0;red2=0;break;//case1同case2
    0x017C :  BC    0x06, 2     
C:\Users\daminger\OneDrive\代码\light - v101 - 25A8\light.c (line 170)
  ;mode2_count2++;
    0x017D :  BANK  @0x0        
    0x017E :  INC   0x25        
C:\Users\daminger\OneDrive\代码\light - v101 - 25A8\light.c (line 171)
  ;if(mode2_count2>=16)		//灯灭16单位结束
    0x017F :  MOV   A, @0x10    
    0x0180 :  SUB   A, 0x25     
    0x0181 :  JBS   0x03, 0     
    0x0182 :  JMP   0x201       
C:\Users\daminger\OneDrive\代码\light - v101 - 25A8\light.c (line 173)
  ;mode2_count2=0;
    0x0183 :  CLR   0x25        
C:\Users\daminger\OneDrive\代码\light - v101 - 25A8\light.c (line 174)
  ;mode2_red1_flag=0;
    0x0184 :  BC    0x20, 2     
C:\Users\daminger\OneDrive\代码\light - v101 - 25A8\light.c (line 175)
  ;mode2_four_cycle_flag=1;//四次循环重新开始
    0x0185 :  MOV   A, @0x01    
    0x0186 :  MOV   0x26, A     
    0x0187 :  JMP   0x201       
C:\Users\daminger\OneDrive\代码\light - v101 - 25A8\light.c (line 181)
  ;if(mode2_four_cycle_flag)	//判断四次循环是否结束
    0x0188 :  BANK  @0x0        
    0x0189 :  MOV   0x26, 0x26  
    0x018A :  JBC   0x03, 2     
    0x018B :  JMP   0x1DA       
C:\Users\daminger\OneDrive\代码\light - v101 - 25A8\light.c (line 183)
  ;if(mode2_light_flag)		//判断当前是否亮灯
    0x018C :  JBS   0x20, 3     
    0x018D :  JMP   0x1B3       
C:\Users\daminger\OneDrive\代码\light - v101 - 25A8\light.c (line 185)
  ;switch (white_status)	//白灯调节按钮
    0x018E :  MOV   A, 0x28     
    0x018F :  MOV   0x11, A     
    0x0190 :  MOV   0x11, 0x11  
    0x0191 :  JBC   0x03, 2     
    0x0192 :  JMP   0x19C       
    0x0193 :  MOV   A, 0x11     
    0x0194 :  XOR   A, @0x01    
    0x0195 :  JBC   0x03, 2     
    0x0196 :  JMP   0x1A1       
    0x0197 :  MOV   A, 0x11     
    0x0198 :  XOR   A, @0x02    
    0x0199 :  JBC   0x03, 2     
    0x019A :  JMP   0x1A6       
    0x019B :  JMP   0x1AA       
C:\Users\daminger\OneDrive\代码\light - v101 - 25A8\light.c (line 187)
  ;case 0: white=1;red1=0;red2=1;break;
    0x019C :  BANK  @0x0        
    0x019D :  BS    0x06, 0     
C:\Users\daminger\OneDrive\代码\light - v101 - 25A8\light.c (line 187)
  ;case 0: white=1;red1=0;red2=1;break;
    0x019E :  BC    0x06, 1     
    0x019F :  BS    0x06, 2     
C:\Users\daminger\OneDrive\代码\light - v101 - 25A8\light.c (line 187)
  ;case 0: white=1;red1=0;red2=1;break;
    0x01A0 :  JMP   0x1AA       
C:\Users\daminger\OneDrive\代码\light - v101 - 25A8\light.c (line 188)
  ;case 1: white=0;red1=0;red2=1;break;
    0x01A1 :  BANK  @0x0        
    0x01A2 :  BC    0x06, 0     
    0x01A3 :  BC    0x06, 1     
C:\Users\daminger\OneDrive\代码\light - v101 - 25A8\light.c (line 188)
  ;case 1: white=0;red1=0;red2=1;break;
    0x01A4 :  BS    0x06, 2     
    0x01A5 :  JMP   0x1AA       
C:\Users\daminger\OneDrive\代码\light - v101 - 25A8\light.c (line 189)
  ;case 2: white=1;red1=0;red2=1;break;//case0同case2
    0x01A6 :  BANK  @0x0        
    0x01A7 :  BS    0x06, 0     
    0x01A8 :  BC    0x06, 1     
C:\Users\daminger\OneDrive\代码\light - v101 - 25A8\light.c (line 189)
  ;case 2: white=1;red1=0;red2=1;break;//case0同case2
    0x01A9 :  BS    0x06, 2     
C:\Users\daminger\OneDrive\代码\light - v101 - 25A8\light.c (line 192)
  ;mode2_count1++;
    0x01AA :  BANK  @0x0        
    0x01AB :  INC   0x24        
C:\Users\daminger\OneDrive\代码\light - v101 - 25A8\light.c (line 193)
  ;if(mode2_count1>=2)
    0x01AC :  MOV   A, @0x02    
    0x01AD :  SUB   A, 0x24     
    0x01AE :  JBS   0x03, 0     
    0x01AF :  JMP   0x201       
C:\Users\daminger\OneDrive\代码\light - v101 - 25A8\light.c (line 195)
  ;mode2_count1=0;
    0x01B0 :  CLR   0x24        
C:\Users\daminger\OneDrive\代码\light - v101 - 25A8\light.c (line 196)
  ;mode2_light_flag=0;
    0x01B1 :  BC    0x20, 3     
    0x01B2 :  JMP   0x201       
C:\Users\daminger\OneDrive\代码\light - v101 - 25A8\light.c (line 202)
  ;switch (white_status)	//白灯调节按钮
    0x01B3 :  BANK  @0x0        
    0x01B4 :  MOV   A, 0x28     
    0x01B5 :  MOV   0x11, A     
    0x01B6 :  MOV   0x11, 0x11  
    0x01B7 :  JBC   0x03, 2     
    0x01B8 :  JMP   0x1C2       
    0x01B9 :  MOV   A, 0x11     
    0x01BA :  XOR   A, @0x01    
    0x01BB :  JBC   0x03, 2     
    0x01BC :  JMP   0x1C7       
    0x01BD :  MOV   A, 0x11     
    0x01BE :  XOR   A, @0x02    
    0x01BF :  JBC   0x03, 2     
    0x01C0 :  JMP   0x1CC       
    0x01C1 :  JMP   0x1D0       
C:\Users\daminger\OneDrive\代码\light - v101 - 25A8\light.c (line 204)
  ;case 0: white=1;red1=0;red2=0;break;
    0x01C2 :  BANK  @0x0        
    0x01C3 :  BS    0x06, 0     
C:\Users\daminger\OneDrive\代码\light - v101 - 25A8\light.c (line 204)
  ;case 0: white=1;red1=0;red2=0;break;
    0x01C4 :  BC    0x06, 1     
    0x01C5 :  BC    0x06, 2     
C:\Users\daminger\OneDrive\代码\light - v101 - 25A8\light.c (line 204)
  ;case 0: white=1;red1=0;red2=0;break;
    0x01C6 :  JMP   0x1D0       
C:\Users\daminger\OneDrive\代码\light - v101 - 25A8\light.c (line 205)
  ;case 1: white=0;red1=0;red2=0;break;
    0x01C7 :  BANK  @0x0        
    0x01C8 :  BC    0x06, 0     
    0x01C9 :  BC    0x06, 1     
C:\Users\daminger\OneDrive\代码\light - v101 - 25A8\light.c (line 205)
  ;case 1: white=0;red1=0;red2=0;break;
    0x01CA :  BC    0x06, 2     
    0x01CB :  JMP   0x1D0       
C:\Users\daminger\OneDrive\代码\light - v101 - 25A8\light.c (line 206)
  ;case 2: white=0;red1=0;red2=0;break;//case1同case2
    0x01CC :  BANK  @0x0        
    0x01CD :  BC    0x06, 0     
    0x01CE :  BC    0x06, 1     
C:\Users\daminger\OneDrive\代码\light - v101 - 25A8\light.c (line 206)
  ;case 2: white=0;red1=0;red2=0;break;//case1同case2
    0x01CF :  BC    0x06, 2     
C:\Users\daminger\OneDrive\代码\light - v101 - 25A8\light.c (line 209)
  ;mode2_light_flag=1;
    0x01D0 :  BANK  @0x0        
    0x01D1 :  BS    0x20, 3     
C:\Users\daminger\OneDrive\代码\light - v101 - 25A8\light.c (line 210)
  ;mode2_four_cycle_count++;
    0x01D2 :  INC   0x27        
C:\Users\daminger\OneDrive\代码\light - v101 - 25A8\light.c (line 211)
  ;if(mode2_four_cycle_count>=4)
    0x01D3 :  MOV   A, @0x04    
    0x01D4 :  SUB   A, 0x27     
    0x01D5 :  JBS   0x03, 0     
    0x01D6 :  JMP   0x201       
C:\Users\daminger\OneDrive\代码\light - v101 - 25A8\light.c (line 213)
  ;mode2_four_cycle_count=0;	//计数归零
    0x01D7 :  CLR   0x27        
C:\Users\daminger\OneDrive\代码\light - v101 - 25A8\light.c (line 214)
  ;mode2_four_cycle_flag=0;
    0x01D8 :  CLR   0x26        
    0x01D9 :  JMP   0x201       
C:\Users\daminger\OneDrive\代码\light - v101 - 25A8\light.c (line 220)
  ;switch (white_status)		//白灯调节按钮
    0x01DA :  BANK  @0x0        
    0x01DB :  MOV   A, 0x28     
    0x01DC :  MOV   0x11, A     
    0x01DD :  MOV   0x11, 0x11  
    0x01DE :  JBC   0x03, 2     
    0x01DF :  JMP   0x1E9       
    0x01E0 :  MOV   A, 0x11     
    0x01E1 :  XOR   A, @0x01    
    0x01E2 :  JBC   0x03, 2     
    0x01E3 :  JMP   0x1EE       
    0x01E4 :  MOV   A, 0x11     
    0x01E5 :  XOR   A, @0x02    
    0x01E6 :  JBC   0x03, 2     
    0x01E7 :  JMP   0x1F3       
    0x01E8 :  JMP   0x1F7       
C:\Users\daminger\OneDrive\代码\light - v101 - 25A8\light.c (line 222)
  ;case 0: white=1;red1=0;red2=0;break;
    0x01E9 :  BANK  @0x0        
    0x01EA :  BS    0x06, 0     
C:\Users\daminger\OneDrive\代码\light - v101 - 25A8\light.c (line 222)
  ;case 0: white=1;red1=0;red2=0;break;
    0x01EB :  BC    0x06, 1     
    0x01EC :  BC    0x06, 2     
C:\Users\daminger\OneDrive\代码\light - v101 - 25A8\light.c (line 222)
  ;case 0: white=1;red1=0;red2=0;break;
    0x01ED :  JMP   0x1F7       
C:\Users\daminger\OneDrive\代码\light - v101 - 25A8\light.c (line 223)
  ;case 1: white=0;red1=0;red2=0;break;
    0x01EE :  BANK  @0x0        
    0x01EF :  BC    0x06, 0     
    0x01F0 :  BC    0x06, 1     
C:\Users\daminger\OneDrive\代码\light - v101 - 25A8\light.c (line 223)
  ;case 1: white=0;red1=0;red2=0;break;
    0x01F1 :  BC    0x06, 2     
    0x01F2 :  JMP   0x1F7       
C:\Users\daminger\OneDrive\代码\light - v101 - 25A8\light.c (line 224)
  ;case 2: white=0;red1=0;red2=0;break;//case1同case2
    0x01F3 :  BANK  @0x0        
    0x01F4 :  BC    0x06, 0     
    0x01F5 :  BC    0x06, 1     
C:\Users\daminger\OneDrive\代码\light - v101 - 25A8\light.c (line 224)
  ;case 2: white=0;red1=0;red2=0;break;//case1同case2
    0x01F6 :  BC    0x06, 2     
C:\Users\daminger\OneDrive\代码\light - v101 - 25A8\light.c (line 227)
  ;mode2_count2++;
    0x01F7 :  BANK  @0x0        
    0x01F8 :  INC   0x25        
C:\Users\daminger\OneDrive\代码\light - v101 - 25A8\light.c (line 228)
  ;if(mode2_count2>=16)		//灯灭16单位结束
    0x01F9 :  MOV   A, @0x10    
    0x01FA :  SUB   A, 0x25     
    0x01FB :  JBS   0x03, 0     
    0x01FC :  JMP   0x201       
C:\Users\daminger\OneDrive\代码\light - v101 - 25A8\light.c (line 230)
  ;mode2_count2=0;
    0x01FD :  CLR   0x25        
C:\Users\daminger\OneDrive\代码\light - v101 - 25A8\light.c (line 231)
  ;mode2_red1_flag=1;
    0x01FE :  BS    0x20, 2     
C:\Users\daminger\OneDrive\代码\light - v101 - 25A8\light.c (line 232)
  ;mode2_four_cycle_flag=1;//四次循环重新开始
    0x01FF :  MOV   A, @0x01    
    0x0200 :  MOV   0x26, A     
C:\Users\daminger\OneDrive\代码\light - v101 - 25A8\light.c (line 236)
  ;}
    0x0201 :  BANK  @0x0        
    0x0202 :  MOV   A, 0x29     
    0x0203 :  MOV   0x11, A     
    0x0204 :  RET               
