ias78II.exe v2.0.100.101b - The macro assembler for EM78 series.
Copyright (C) ELAN Microelectronic Corp. 2003-2008. All rights reserved.
Main file : wake up.s

File list:
   1 ----  C:\Users\daminger\OneDrive\github\project\734\wake up.s
   2 ----  C:\Program Files (x86)\ELAN\eUIDEII\Bin\Include\sysdefii.inc


The format of a listing line is:
  XXXXXXm FFFF [TT]  11 22 33 44  [DD]  Source code
Where:
  XXXXXX   is the PC
  m        is the mode ('r' or empty)
  FFFF     is the file name
  [TT]     is the CPU clock
  11 ..    are code or data bytes
  [DD]     depth of IFDEF and ENDIF (The depth or empty)


------     1 [--]               [00]  .autoimport
------     1 [--]               [00]  EM78F734N EQU 1
------     1 [--]               [00]  _SIMPLE_RSR_ EQU 1
------     1 [--]               [00]  .include "sysdefii.inc"
------     2 [--]               [00]  
------     1 [--]               [00]  ccounter equ pr1
------     1 [--]               [00]  .stabs "icc_compiled.",60,0,0,0
------     1 [--]               [00]  .stabs "C:\Users\daminger\OneDrive\github\project\734\wake up.c",100,0,3,0
------     1 [--]               [00]  .stabs "int:t1=r1;-128;127;",128,0,0,0
------     1 [--]               [00]  .stabs "char:t2=r2;-128;127;",128,0,0,0
------     1 [--]               [00]  .stabs "double:t3=r1;3;0;",128,0,0,0
------     1 [--]               [00]  .stabs "float:t4=r1;3;0;",128,0,0,0
------     1 [--]               [00]  .stabs "long double:t5=r1;3;0;",128,0,0,0
------     1 [--]               [00]  .stabs "long:t6=r1;-2147483648;2147483647;",128,0,0,0
------     1 [--]               [00]  .stabs "long long:t7=r1;-2147483648;2147483647;",128,0,0,0
------     1 [--]               [00]  .stabs "short:t8=r1;-32768;32767;",128,0,0,0
------     1 [--]               [00]  .stabs "signed char:t9=r1;-128;127;",128,0,0,0
------     1 [--]               [00]  .stabs "unsigned char:t10=r1;0;255;",128,0,0,0
------     1 [--]               [00]  .stabs "unsigned long:t11=r1;0;4294967295;",128,0,0,0
------     1 [--]               [00]  .stabs "unsigned long long:t12=r1;0;4294967295;",128,0,0,0
------     1 [--]               [00]  .stabs "unsigned short:t13=r1;0;65535;",128,0,0,0
------     1 [--]               [00]  .stabs "unsigned int:t14=r1;0;255;",128,0,0,0
------     1 [--]               [00]  .stabs "void:t15=15",128,0,0,0
------     1 [--]               [00]  .stabs "bit:t16=r16;0;1;",128,0,0,0
------     1 [--]               [00]  public _main
------     1 [--]               [00]  public main_bp
------     1 [--]               [00]  .section ".code"
------     1 [--]               [00]  .stabs "main:F15",36,0,0,_main
------     1 [--]               [00]  .section ".S0",C_CODE
------     1 [--]               [00]  .SYMDEF ".S0" 
------     1 [--]               [00]  _main:
------     1 [--]               [00]  .SYMDEF "_main" 
------     1 [--]               [00]  .stabn 192,0,0,L5
------     1 [--]               [00]  L5:
------     1 [--]               [00]  .stabn 68,0,10,L7
------     1 [--]               [00]  L7:
------     1 [--]               [00]  .stabn 68,0,11,L8
------     1 [--]               [00]  L8:
------     1 [--]               [00]  .cfile "C:\Users\daminger\OneDrive\github\project\734\wake up.c(11):"
000000r    1 [01]  11 00        [00]  disi
------     1 [--]               [00]  .stabn 68,0,11,L9
------     1 [--]               [00]  L9:
------     1 [--]               [00]  .stabn 68,0,12,L10
------     1 [--]               [00]  L10:
------     1 [--]               [00]  .cfile "C:\Users\daminger\OneDrive\github\project\734\wake up.c(12):"
000001r    1 [01]  04 00        [00]  wdtc
------     1 [--]               [00]  .stabn 68,0,12,L11
------     1 [--]               [00]  L11:
------     1 [--]               [00]  .stabn 68,0,13,L12
------     1 [--]               [00]  L12:
000002r    1 [01]  60 18        [00]  mov a,@96
000003r    1 [01]  40 00 r      [00]  STA _MSR,0,0
------     1 [--]               [00]  .stabn 68,0,14,L13
------     1 [--]               [00]  L13:
000004r    1 [01]  00 18        [00]  mov a,@0
000005r    1 [01]  00 00 r      [00]  STA _P7CR,0,2
------     1 [--]               [00]  .stabn 68,0,15,L14
------     1 [--]               [00]  L14:
000006r    1 [01]  C0 08 r      [00]  bc _P73,3
------     1 [--]               [00]  .stabn 68,0,17,L15
------     1 [--]               [00]  L15:
000007r    1 [01]  01 18        [00]  mov a,@1
000008r    1 [01]  00 00 r      [00]  STA _P6CR,0,2
------     1 [--]               [00]  .stabn 68,0,18,L16
------     1 [--]               [00]  L16:
000009r    1 [01]  40 18        [00]  mov a,@64
00000Ar    1 [01]  00 00 r      [00]  STA _WDTCR,0,2
------     1 [--]               [00]  .stabn 68,0,20,L17
------     1 [--]               [00]  L17:
------     1 [--]               [00]  .cfile "C:\Users\daminger\OneDrive\github\project\734\wake up.c(20):"
00000Br    1 [01]  00 18        [00]  MOV		A,@0x00
------     1 [--]               [00]  .stabn 68,0,21,L18
------     1 [--]               [00]  L18:
------     1 [--]               [00]  .cfile "C:\Users\daminger\OneDrive\github\project\734\wake up.c(21):"
00000Cr    1 [01]  02 00        [00]  CONTW
------     1 [--]               [00]  .stabn 68,0,23,L19
------     1 [--]               [00]  L19:
00000Dr    1 [01]  04 18        [00]  mov a,@4
00000Er    1 [01]  00 00 r      [00]  STA _IMR1,0,2
------     1 [--]               [00]  .stabn 68,0,24,L20
------     1 [--]               [00]  L20:
00000Fr    1 [01]  40 04 r      [00]  LDA _PORT6,0,0
000010r    1 [--]  -- --        [00]  STA _PORT6,0,0
------     1 [--]               [00]  .stabn 68,0,25,L21
------     1 [--]               [00]  L21:
000011r    1 [01]  10 18        [00]  mov a,@16
000012r    1 [01]  40 00 r      [00]  STA _WUCR,0,0
------     1 [--]               [00]  .stabn 68,0,26,L22
------     1 [--]               [00]  L22:
------     1 [--]               [00]  .cfile "C:\Users\daminger\OneDrive\github\project\734\wake up.c(26):"
000013r    1 [01]  10 00        [00]  eni
------     1 [--]               [00]  .stabn 68,0,26,L23
------     1 [--]               [00]  L23:
------     1 [--]               [00]  .stabn 68,0,27,L24
------     1 [--]               [00]  L24:
------     1 [--]               [00]  .cfile "C:\Users\daminger\OneDrive\github\project\734\wake up.c(27):"
000014r    1 [01]  03 00        [00]  slep
------     1 [--]               [00]  .stabn 68,0,27,L25
------     1 [--]               [00]  L25:
------     1 [--]               [00]  .stabn 68,0,28,L26
------     1 [--]               [00]  L26:
------     1 [--]               [00]  .cfile "C:\Users\daminger\OneDrive\github\project\734\wake up.c(28):"
000015r    1 [01]  00 00        [00]  nop
------     1 [--]               [00]  .stabn 68,0,28,L27
------     1 [--]               [00]  L27:
------     1 [--]               [00]  .stabn 68,0,29,L28
------     1 [--]               [00]  L28:
------     1 [--]               [00]  .cfile "C:\Users\daminger\OneDrive\github\project\734\wake up.c(29):"
000016r    1 [01]  04 00        [00]  wdtc
------     1 [--]               [00]  .stabn 68,0,29,L29
------     1 [--]               [00]  L29:
------     1 [--]               [00]  .stabn 68,0,30,L30
------     1 [--]               [00]  L30:
------     1 [--]               [00]  .cfile "C:\Users\daminger\OneDrive\github\project\734\wake up.c(30):"
000017r    1 [01]  00 00        [00]  nop
------     1 [--]               [00]  .stabn 68,0,30,L31
------     1 [--]               [00]  L31:
------     1 [--]               [00]  L$2:
------     1 [--]               [00]  .stabn 68,0,31,L32
------     1 [--]               [00]  L32:
------     1 [--]               [00]  L$3:
------     1 [--]               [00]  .stabn 68,0,31,L33
------     1 [--]               [00]  L33:
000018r    1 [01]  00 14 r      [00]  jmp @L$2
------     1 [--]               [00]  .stabn 68,0,32,L34
------     1 [--]               [00]  L34:
------     1 [--]               [00]  .stabn 224,0,0,L35
------     1 [--]               [00]  L35:
------     1 [--]               [00]  L$1:
000019r    1 [01]  12 00        [00]  ret
------     1 [--]               [00]  .STACK main_bp,local,0
------     1 [--]               [00]  public _ALLint
------     1 [--]               [00]  public ALLint_bp
------     1 [--]               [00]  .stabs "ALLint:F15",36,0,0,_ALLint
------     1 [--]               [00]  .section ".S1",C_CODE
------     1 [--]               [00]  .SYMDEF ".S1" INT:-1
------     1 [--]               [00]  _ALLint:
------     1 [--]               [00]  .SYMDEF "_ALLint" INT:-1
------     1 [--]               [00]  .stabn 192,0,0,L40
------     1 [--]               [00]  L40:
------     1 [--]               [00]  .stabn 68,0,35,L41
------     1 [--]               [00]  L41:
------     1 [--]               [00]  .stabn 68,0,36,L42
------     1 [--]               [00]  L42:
000000r    1 [01]  00 04 r      [00]  EQNEPRIB _IntVecIdx,4
           1 [01]  04 1B r      [00]  
000002r    1 [01]  83 0C        [00]  jbc STATUS,zf
000003r    1 [01]  00 14 r      [00]  EXTJMP @L$39
000004r    1 [01]  00 14 r      [00]  jmp @L$37
------     1 [--]               [00]  .stabn 192,0,1,L43
------     1 [--]               [00]  L43:
------     1 [--]               [00]  .stabn 68,0,37,L44
------     1 [--]               [00]  L44:
------     1 [--]               [00]  L$39:
------     1 [--]               [00]  .stabn 68,0,39,L45
------     1 [--]               [00]  L45:
000005r    1 [--]  -- --        [00]  LDA _ISR1,0,0
000006r    1 [01]  FB 18        [00]  and a,@251
000007r    1 [01]  C0 02 r      [00]  STA _ISR1,0,0
------     1 [--]               [00]  .stabn 68,0,40,L46
------     1 [--]               [00]  L46:
000008r    1 [01]  C0 0A r      [00]  bs _P73,3
------     1 [--]               [00]  .stabn 68,0,41,L47
------     1 [--]               [00]  L47:
------     1 [--]               [00]  .stabn 68,0,42,L48
------     1 [--]               [00]  L48:
------     1 [--]               [00]  .stabn 224,0,1,L49
------     1 [--]               [00]  L49:
------     1 [--]               [00]  L$37:
------     1 [--]               [00]  L$38:
------     1 [--]               [00]  .stabn 68,0,43,L50
------     1 [--]               [00]  L50:
------     1 [--]               [00]  .stabn 224,0,0,L51
------     1 [--]               [00]  L51:
------     1 [--]               [00]  L$36:
000009r    1 [01]  13 00        [00]  reti
------     1 [--]               [00]  .STACK ALLint_bp,local,0
------     1 [--]               [00]  public _ext_interrupt_l
------     1 [--]               [00]  public ext_interrupt_l_bp
------     1 [--]               [00]  .stabs "ext_interrupt_l:F15",36,0,0,_ext_interrupt_l
------     1 [--]               [00]  .section ".S2",C_CODE
------     1 [--]               [00]  .SYMDEF ".S2" LOWINT:0,3
------     1 [--]               [00]  _ext_interrupt_l:
------     1 [--]               [00]  .SYMDEF "_ext_interrupt_l" LOWINT:0,3
------     1 [--]               [00]  .stabn 192,0,0,L53
------     1 [--]               [00]  L53:
------     1 [--]               [00]  .stabn 68,0,46,L54
------     1 [--]               [00]  L54:
------     1 [--]               [00]  .stabn 68,0,47,L55
------     1 [--]               [00]  L55:
------     1 [--]               [00]  .cfile "C:\Users\daminger\OneDrive\github\project\734\wake up.c(47):"
000003r    1 [01]  02 04        [00]  MOV A,0x2
------     1 [--]               [00]  .stabn 68,0,47,L56
------     1 [--]               [00]  L56:
------     1 [--]               [00]  .stabn 68,0,48,L57
------     1 [--]               [00]  L57:
------     1 [--]               [00]  .stabn 224,0,0,L58
------     1 [--]               [00]  L58:
------     1 [--]               [00]  L$52:
000004r    1 [01]  13 00        [00]  reti
------     1 [--]               [00]  .STACK ext_interrupt_l_bp,local,0
------     1 [--]               [00]  extrn _IntVecIdx
------     1 [--]               [00]  .section ".code"
------     1 [--]               [00]  .section ".bss"
------     1 [--]               [00]  .align 1
------     1 [--]               [00]  _PD70B:
------     1 [--]               [00]  .SYMDEF "_PD70B" REG:3,BIT:0,15,LEN:1
000000r    1 [--]  xx           [00]  ds 1
------     1 [--]               [00]  .stabs "PD70B:S16",40,0,0,_PD70B
------     1 [--]               [00]  .align 1
------     1 [--]               [00]  _PD71B:
------     1 [--]               [00]  .SYMDEF "_PD71B" REG:3,BIT:1,15,LEN:1
000001r    1 [--]  xx           [00]  ds 1
------     1 [--]               [00]  .stabs "PD71B:S16",40,0,0,_PD71B
------     1 [--]               [00]  .align 1
------     1 [--]               [00]  _PD72B:
------     1 [--]               [00]  .SYMDEF "_PD72B" REG:3,BIT:2,15,LEN:1
000002r    1 [--]  xx           [00]  ds 1
------     1 [--]               [00]  .stabs "PD72B:S16",40,0,0,_PD72B
------     1 [--]               [00]  .align 1
------     1 [--]               [00]  _PD73B:
------     1 [--]               [00]  .SYMDEF "_PD73B" REG:3,BIT:3,15,LEN:1
000003r    1 [--]  xx           [00]  ds 1
------     1 [--]               [00]  .stabs "PD73B:S16",40,0,0,_PD73B
------     1 [--]               [00]  .align 1
------     1 [--]               [00]  _TC3M0:
------     1 [--]               [00]  .SYMDEF "_TC3M0" REG:3,BIT:0,13,LEN:1
000004r    1 [--]  xx           [00]  ds 1
------     1 [--]               [00]  .stabs "TC3M0:S16",40,0,0,_TC3M0
------     1 [--]               [00]  .align 1
------     1 [--]               [00]  _TC3M1:
------     1 [--]               [00]  .SYMDEF "_TC3M1" REG:3,BIT:1,13,LEN:1
000005r    1 [--]  xx           [00]  ds 1
------     1 [--]               [00]  .stabs "TC3M1:S16",40,0,0,_TC3M1
------     1 [--]               [00]  .align 1
------     1 [--]               [00]  _TC3CK0:
------     1 [--]               [00]  .SYMDEF "_TC3CK0" REG:3,BIT:2,13,LEN:1
000006r    1 [--]  xx           [00]  ds 1
------     1 [--]               [00]  .stabs "TC3CK0:S16",40,0,0,_TC3CK0
------     1 [--]               [00]  .align 1
------     1 [--]               [00]  _TC3CK1:
------     1 [--]               [00]  .SYMDEF "_TC3CK1" REG:3,BIT:3,13,LEN:1
000007r    1 [--]  xx           [00]  ds 1
------     1 [--]               [00]  .stabs "TC3CK1:S16",40,0,0,_TC3CK1
------     1 [--]               [00]  .align 1
------     1 [--]               [00]  _TC3CK2:
------     1 [--]               [00]  .SYMDEF "_TC3CK2" REG:3,BIT:4,13,LEN:1
000008r    1 [--]  xx           [00]  ds 1
------     1 [--]               [00]  .stabs "TC3CK2:S16",40,0,0,_TC3CK2
------     1 [--]               [00]  .align 1
------     1 [--]               [00]  _TC3S:
------     1 [--]               [00]  .SYMDEF "_TC3S" REG:3,BIT:5,13,LEN:1
000009r    1 [--]  xx           [00]  ds 1
------     1 [--]               [00]  .stabs "TC3S:S16",40,0,0,_TC3S
------     1 [--]               [00]  .align 1
------     1 [--]               [00]  _TC3FF0:
------     1 [--]               [00]  .SYMDEF "_TC3FF0" REG:3,BIT:6,13,LEN:1
00000Ar    1 [--]  xx           [00]  ds 1
------     1 [--]               [00]  .stabs "TC3FF0:S16",40,0,0,_TC3FF0
------     1 [--]               [00]  .align 1
------     1 [--]               [00]  _TC3FF1:
------     1 [--]               [00]  .SYMDEF "_TC3FF1" REG:3,BIT:7,13,LEN:1
00000Br    1 [--]  xx           [00]  ds 1
------     1 [--]               [00]  .stabs "TC3FF1:S16",40,0,0,_TC3FF1
------     1 [--]               [00]  .align 1
------     1 [--]               [00]  _PH70B:
------     1 [--]               [00]  .SYMDEF "_PH70B" REG:2,BIT:0,15,LEN:1
00000Cr    1 [--]  xx           [00]  ds 1
------     1 [--]               [00]  .stabs "PH70B:S16",40,0,0,_PH70B
------     1 [--]               [00]  .align 1
------     1 [--]               [00]  _PH71B:
------     1 [--]               [00]  .SYMDEF "_PH71B" REG:2,BIT:1,15,LEN:1
00000Dr    1 [--]  xx           [00]  ds 1
------     1 [--]               [00]  .stabs "PH71B:S16",40,0,0,_PH71B
------     1 [--]               [00]  .align 1
------     1 [--]               [00]  _PH72B:
------     1 [--]               [00]  .SYMDEF "_PH72B" REG:2,BIT:2,15,LEN:1
00000Er    1 [--]  xx           [00]  ds 1
------     1 [--]               [00]  .stabs "PH72B:S16",40,0,0,_PH72B
------     1 [--]               [00]  .align 1
------     1 [--]               [00]  _PH73B:
------     1 [--]               [00]  .SYMDEF "_PH73B" REG:2,BIT:3,15,LEN:1
00000Fr    1 [--]  xx           [00]  ds 1
------     1 [--]               [00]  .stabs "PH73B:S16",40,0,0,_PH73B
------     1 [--]               [00]  .align 1
------     1 [--]               [00]  _IRVS0:
------     1 [--]               [00]  .SYMDEF "_IRVS0" REG:2,BIT:4,9,LEN:1
000010r    1 [--]  xx           [00]  ds 1
------     1 [--]               [00]  .stabs "IRVS0:S16",40,0,0,_IRVS0
------     1 [--]               [00]  .align 1
------     1 [--]               [00]  _IRVS1:
------     1 [--]               [00]  .SYMDEF "_IRVS1" REG:2,BIT:5,9,LEN:1
000011r    1 [--]  xx           [00]  ds 1
------     1 [--]               [00]  .stabs "IRVS1:S16",40,0,0,_IRVS1
------     1 [--]               [00]  .align 1
------     1 [--]               [00]  _PDE:
------     1 [--]               [00]  .SYMDEF "_PDE" REG:2,BIT:2,7,LEN:1
000012r    1 [--]  xx           [00]  ds 1
------     1 [--]               [00]  .stabs "PDE:S16",40,0,0,_PDE
------     1 [--]               [00]  .align 1
------     1 [--]               [00]  _ADIS0:
------     1 [--]               [00]  .SYMDEF "_ADIS0" REG:2,BIT:0,6,LEN:1
000013r    1 [--]  xx           [00]  ds 1
------     1 [--]               [00]  .stabs "ADIS0:S16",40,0,0,_ADIS0
------     1 [--]               [00]  .align 1
------     1 [--]               [00]  _ADIS1:
------     1 [--]               [00]  .SYMDEF "_ADIS1" REG:2,BIT:1,6,LEN:1
000014r    1 [--]  xx           [00]  ds 1
------     1 [--]               [00]  .stabs "ADIS1:S16",40,0,0,_ADIS1
------     1 [--]               [00]  .align 1
------     1 [--]               [00]  _ADIS2:
------     1 [--]               [00]  .SYMDEF "_ADIS2" REG:2,BIT:2,6,LEN:1
000015r    1 [--]  xx           [00]  ds 1
------     1 [--]               [00]  .stabs "ADIS2:S16",40,0,0,_ADIS2
------     1 [--]               [00]  .align 1
------     1 [--]               [00]  _ADPD:
------     1 [--]               [00]  .SYMDEF "_ADPD" REG:2,BIT:3,6,LEN:1
000016r    1 [--]  xx           [00]  ds 1
------     1 [--]               [00]  .stabs "ADPD:S16",40,0,0,_ADPD
------     1 [--]               [00]  .align 1
------     1 [--]               [00]  _ADRUN:
------     1 [--]               [00]  .SYMDEF "_ADRUN" REG:2,BIT:4,6,LEN:1
000017r    1 [--]  xx           [00]  ds 1
------     1 [--]               [00]  .stabs "ADRUN:S16",40,0,0,_ADRUN
------     1 [--]               [00]  .align 1
------     1 [--]               [00]  _CKR0:
------     1 [--]               [00]  .SYMDEF "_CKR0" REG:2,BIT:5,6,LEN:1
000018r    1 [--]  xx           [00]  ds 1
------     1 [--]               [00]  .stabs "CKR0:S16",40,0,0,_CKR0
------     1 [--]               [00]  .align 1
------     1 [--]               [00]  _CKR1:
------     1 [--]               [00]  .SYMDEF "_CKR1" REG:2,BIT:6,6,LEN:1
000019r    1 [--]  xx           [00]  ds 1
------     1 [--]               [00]  .stabs "CKR1:S16",40,0,0,_CKR1
------     1 [--]               [00]  .align 1
------     1 [--]               [00]  _VREFS:
------     1 [--]               [00]  .SYMDEF "_VREFS" REG:2,BIT:7,6,LEN:1
00001Ar    1 [--]  xx           [00]  ds 1
------     1 [--]               [00]  .stabs "VREFS:S16",40,0,0,_VREFS
------     1 [--]               [00]  .align 1
------     1 [--]               [00]  _ADE0:
------     1 [--]               [00]  .SYMDEF "_ADE0" REG:2,BIT:0,5,LEN:1
00001Br    1 [--]  xx           [00]  ds 1
------     1 [--]               [00]  .stabs "ADE0:S16",40,0,0,_ADE0
------     1 [--]               [00]  .align 1
------     1 [--]               [00]  _ADE1:
------     1 [--]               [00]  .SYMDEF "_ADE1" REG:2,BIT:1,5,LEN:1
00001Cr    1 [--]  xx           [00]  ds 1
------     1 [--]               [00]  .stabs "ADE1:S16",40,0,0,_ADE1
------     1 [--]               [00]  .align 1
------     1 [--]               [00]  _ADE2:
------     1 [--]               [00]  .SYMDEF "_ADE2" REG:2,BIT:2,5,LEN:1
00001Dr    1 [--]  xx           [00]  ds 1
------     1 [--]               [00]  .stabs "ADE2:S16",40,0,0,_ADE2
------     1 [--]               [00]  .align 1
------     1 [--]               [00]  _ADE3:
------     1 [--]               [00]  .SYMDEF "_ADE3" REG:2,BIT:3,5,LEN:1
00001Er    1 [--]  xx           [00]  ds 1
------     1 [--]               [00]  .stabs "ADE3:S16",40,0,0,_ADE3
------     1 [--]               [00]  .align 1
------     1 [--]               [00]  _ADE4:
------     1 [--]               [00]  .SYMDEF "_ADE4" REG:2,BIT:4,5,LEN:1
00001Fr    1 [--]  xx           [00]  ds 1
------     1 [--]               [00]  .stabs "ADE4:S16",40,0,0,_ADE4
------     1 [--]               [00]  .align 1
------     1 [--]               [00]  _ADE5:
------     1 [--]               [00]  .SYMDEF "_ADE5" REG:2,BIT:5,5,LEN:1
000020r    1 [--]  xx           [00]  ds 1
------     1 [--]               [00]  .stabs "ADE5:S16",40,0,0,_ADE5
------     1 [--]               [00]  .align 1
------     1 [--]               [00]  _ADE7:
------     1 [--]               [00]  .SYMDEF "_ADE7" REG:2,BIT:7,5,LEN:1
000021r    1 [--]  xx           [00]  ds 1
------     1 [--]               [00]  .stabs "ADE7:S16",40,0,0,_ADE7
------     1 [--]               [00]  .align 1
------     1 [--]               [00]  _TCIF1:
------     1 [--]               [00]  .SYMDEF "_TCIF1" REG:1,BIT:3,15,LEN:1
000022r    1 [--]  xx           [00]  ds 1
------     1 [--]               [00]  .stabs "TCIF1:S16",40,0,0,_TCIF1
------     1 [--]               [00]  .align 1
------     1 [--]               [00]  _TCIF3:
------     1 [--]               [00]  .SYMDEF "_TCIF3" REG:1,BIT:5,15,LEN:1
000023r    1 [--]  xx           [00]  ds 1
------     1 [--]               [00]  .stabs "TCIF3:S16",40,0,0,_TCIF3
------     1 [--]               [00]  .align 1
------     1 [--]               [00]  _RCM0:
------     1 [--]               [00]  .SYMDEF "_RCM0" REG:1,BIT:6,8,LEN:1
000024r    1 [--]  xx           [00]  ds 1
------     1 [--]               [00]  .stabs "RCM0:S16",40,0,0,_RCM0
------     1 [--]               [00]  .align 1
------     1 [--]               [00]  _RCM1:
------     1 [--]               [00]  .SYMDEF "_RCM1" REG:1,BIT:7,8,LEN:1
000025r    1 [--]  xx           [00]  ds 1
------     1 [--]               [00]  .stabs "RCM1:S16",40,0,0,_RCM1
------     1 [--]               [00]  .align 1
------     1 [--]               [00]  _TC1CK0:
------     1 [--]               [00]  .SYMDEF "_TC1CK0" REG:1,BIT:0,5,LEN:1
000026r    1 [--]  xx           [00]  ds 1
------     1 [--]               [00]  .stabs "TC1CK0:S16",40,0,0,_TC1CK0
------     1 [--]               [00]  .align 1
------     1 [--]               [00]  _TC1CK1:
------     1 [--]               [00]  .SYMDEF "_TC1CK1" REG:1,BIT:1,5,LEN:1
000027r    1 [--]  xx           [00]  ds 1
------     1 [--]               [00]  .stabs "TC1CK1:S16",40,0,0,_TC1CK1
------     1 [--]               [00]  .align 1
------     1 [--]               [00]  _TC1CK2:
------     1 [--]               [00]  .SYMDEF "_TC1CK2" REG:1,BIT:2,5,LEN:1
000028r    1 [--]  xx           [00]  ds 1
------     1 [--]               [00]  .stabs "TC1CK2:S16",40,0,0,_TC1CK2
------     1 [--]               [00]  .align 1
------     1 [--]               [00]  _TC1MOD:
------     1 [--]               [00]  .SYMDEF "_TC1MOD" REG:1,BIT:3,5,LEN:1
000029r    1 [--]  xx           [00]  ds 1
------     1 [--]               [00]  .stabs "TC1MOD:S16",40,0,0,_TC1MOD
------     1 [--]               [00]  .align 1
------     1 [--]               [00]  _TC1ES:
------     1 [--]               [00]  .SYMDEF "_TC1ES" REG:1,BIT:4,5,LEN:1
00002Ar    1 [--]  xx           [00]  ds 1
------     1 [--]               [00]  .stabs "TC1ES:S16",40,0,0,_TC1ES
------     1 [--]               [00]  .align 1
------     1 [--]               [00]  _TC1M:
------     1 [--]               [00]  .SYMDEF "_TC1M" REG:1,BIT:5,5,LEN:1
00002Br    1 [--]  xx           [00]  ds 1
------     1 [--]               [00]  .stabs "TC1M:S16",40,0,0,_TC1M
------     1 [--]               [00]  .align 1
------     1 [--]               [00]  _TC1S:
------     1 [--]               [00]  .SYMDEF "_TC1S" REG:1,BIT:6,5,LEN:1
00002Cr    1 [--]  xx           [00]  ds 1
------     1 [--]               [00]  .stabs "TC1S:S16",40,0,0,_TC1S
------     1 [--]               [00]  .align 1
------     1 [--]               [00]  _TC1CAP:
------     1 [--]               [00]  .SYMDEF "_TC1CAP" REG:1,BIT:7,5,LEN:1
00002Dr    1 [--]  xx           [00]  ds 1
------     1 [--]               [00]  .stabs "TC1CAP:S16",40,0,0,_TC1CAP
------     1 [--]               [00]  .align 1
------     1 [--]               [00]  _TCIF:
------     1 [--]               [00]  .SYMDEF "_TCIF" REG:0,BIT:0,15,LEN:1
00002Er    1 [--]  xx           [00]  ds 1
------     1 [--]               [00]  .stabs "TCIF:S16",40,0,0,_TCIF
------     1 [--]               [00]  .align 1
------     1 [--]               [00]  _ICIF:
------     1 [--]               [00]  .SYMDEF "_ICIF" REG:0,BIT:1,15,LEN:1
00002Fr    1 [--]  xx           [00]  ds 1
------     1 [--]               [00]  .stabs "ICIF:S16",40,0,0,_ICIF
------     1 [--]               [00]  .align 1
------     1 [--]               [00]  _EXIF:
------     1 [--]               [00]  .SYMDEF "_EXIF" REG:0,BIT:2,15,LEN:1
000030r    1 [--]  xx           [00]  ds 1
------     1 [--]               [00]  .stabs "EXIF:S16",40,0,0,_EXIF
------     1 [--]               [00]  .align 1
------     1 [--]               [00]  _ADIF:
------     1 [--]               [00]  .SYMDEF "_ADIF" REG:0,BIT:6,15,LEN:1
000031r    1 [--]  xx           [00]  ds 1
------     1 [--]               [00]  .stabs "ADIF:S16",40,0,0,_ADIF
------     1 [--]               [00]  .align 1
------     1 [--]               [00]  _IDLE:
------     1 [--]               [00]  .SYMDEF "_IDLE" REG:0,BIT:4,14,LEN:1
000032r    1 [--]  xx           [00]  ds 1
------     1 [--]               [00]  .stabs "IDLE:S16",40,0,0,_IDLE
------     1 [--]               [00]  .align 1
------     1 [--]               [00]  _CPUS:
------     1 [--]               [00]  .SYMDEF "_CPUS" REG:0,BIT:5,14,LEN:1
000033r    1 [--]  xx           [00]  ds 1
------     1 [--]               [00]  .stabs "CPUS:S16",40,0,0,_CPUS
------     1 [--]               [00]  .align 1
------     1 [--]               [00]  _TIMERSC:
------     1 [--]               [00]  .SYMDEF "_TIMERSC" REG:0,BIT:6,14,LEN:1
000034r    1 [--]  xx           [00]  ds 1
------     1 [--]               [00]  .stabs "TIMERSC:S16",40,0,0,_TIMERSC
------     1 [--]               [00]  .align 1
------     1 [--]               [00]  _EEPC:
------     1 [--]               [00]  .SYMDEF "_EEPC" REG:0,BIT:3,11,LEN:1
000035r    1 [--]  xx           [00]  ds 1
------     1 [--]               [00]  .stabs "EEPC:S16",40,0,0,_EEPC
------     1 [--]               [00]  .align 1
------     1 [--]               [00]  _EEDF:
------     1 [--]               [00]  .SYMDEF "_EEDF" REG:0,BIT:4,11,LEN:1
000036r    1 [--]  xx           [00]  ds 1
------     1 [--]               [00]  .stabs "EEDF:S16",40,0,0,_EEDF
------     1 [--]               [00]  .align 1
------     1 [--]               [00]  _EEWE:
------     1 [--]               [00]  .SYMDEF "_EEWE" REG:0,BIT:5,11,LEN:1
000037r    1 [--]  xx           [00]  ds 1
------     1 [--]               [00]  .stabs "EEWE:S16",40,0,0,_EEWE
------     1 [--]               [00]  .align 1
------     1 [--]               [00]  _WR:
------     1 [--]               [00]  .SYMDEF "_WR" REG:0,BIT:6,11,LEN:1
000038r    1 [--]  xx           [00]  ds 1
------     1 [--]               [00]  .stabs "WR:S16",40,0,0,_WR
------     1 [--]               [00]  .align 1
------     1 [--]               [00]  _RDB:
------     1 [--]               [00]  .SYMDEF "_RDB" REG:0,BIT:7,11,LEN:1
000039r    1 [--]  xx           [00]  ds 1
------     1 [--]               [00]  .stabs "RDB:S16",40,0,0,_RDB
------     1 [--]               [00]  .align 1
------     1 [--]               [00]  _EXWE:
------     1 [--]               [00]  .SYMDEF "_EXWE" REG:0,BIT:4,10,LEN:1
00003Ar    1 [--]  xx           [00]  ds 1
------     1 [--]               [00]  .stabs "EXWE:S16",40,0,0,_EXWE
------     1 [--]               [00]  .align 1
------     1 [--]               [00]  _ADWE:
------     1 [--]               [00]  .SYMDEF "_ADWE" REG:0,BIT:5,10,LEN:1
00003Br    1 [--]  xx           [00]  ds 1
------     1 [--]               [00]  .stabs "ADWE:S16",40,0,0,_ADWE
------     1 [--]               [00]  .align 1
------     1 [--]               [00]  _ICWE:
------     1 [--]               [00]  .SYMDEF "_ICWE" REG:0,BIT:6,10,LEN:1
00003Cr    1 [--]  xx           [00]  ds 1
------     1 [--]               [00]  .stabs "ICWE:S16",40,0,0,_ICWE
------     1 [--]               [00]  .align 1
------     1 [--]               [00]  _P83:
------     1 [--]               [00]  .SYMDEF "_P83" REG:0,BIT:3,8,LEN:1
00003Dr    1 [--]  xx           [00]  ds 1
------     1 [--]               [00]  .stabs "P83:S16",40,0,0,_P83
------     1 [--]               [00]  .align 1
------     1 [--]               [00]  _P70:
------     1 [--]               [00]  .SYMDEF "_P70" REG:0,BIT:0,7,LEN:1
00003Er    1 [--]  xx           [00]  ds 1
------     1 [--]               [00]  .stabs "P70:S16",40,0,0,_P70
------     1 [--]               [00]  .align 1
------     1 [--]               [00]  _P71:
------     1 [--]               [00]  .SYMDEF "_P71" REG:0,BIT:1,7,LEN:1
00003Fr    1 [--]  xx           [00]  ds 1
------     1 [--]               [00]  .stabs "P71:S16",40,0,0,_P71
------     1 [--]               [00]  .align 1
------     1 [--]               [00]  _P72:
------     1 [--]               [00]  .SYMDEF "_P72" REG:0,BIT:2,7,LEN:1
000040r    1 [--]  xx           [00]  ds 1
------     1 [--]               [00]  .stabs "P72:S16",40,0,0,_P72
------     1 [--]               [00]  .align 1
------     1 [--]               [00]  _P73:
------     1 [--]               [00]  .SYMDEF "_P73" REG:0,BIT:3,7,LEN:1
000041r    1 [--]  xx           [00]  ds 1
------     1 [--]               [00]  .stabs "P73:S16",40,0,0,_P73
------     1 [--]               [00]  .align 1
------     1 [--]               [00]  _P74:
------     1 [--]               [00]  .SYMDEF "_P74" REG:0,BIT:4,7,LEN:1
000042r    1 [--]  xx           [00]  ds 1
------     1 [--]               [00]  .stabs "P74:S16",40,0,0,_P74
------     1 [--]               [00]  .align 1
------     1 [--]               [00]  _P77:
------     1 [--]               [00]  .SYMDEF "_P77" REG:0,BIT:7,7,LEN:1
000043r    1 [--]  xx           [00]  ds 1
------     1 [--]               [00]  .stabs "P77:S16",40,0,0,_P77
------     1 [--]               [00]  .align 1
------     1 [--]               [00]  _P60:
------     1 [--]               [00]  .SYMDEF "_P60" REG:0,BIT:0,6,LEN:1
000044r    1 [--]  xx           [00]  ds 1
------     1 [--]               [00]  .stabs "P60:S16",40,0,0,_P60
------     1 [--]               [00]  .align 1
------     1 [--]               [00]  _P61:
------     1 [--]               [00]  .SYMDEF "_P61" REG:0,BIT:1,6,LEN:1
000045r    1 [--]  xx           [00]  ds 1
------     1 [--]               [00]  .stabs "P61:S16",40,0,0,_P61
------     1 [--]               [00]  .align 1
------     1 [--]               [00]  _P62:
------     1 [--]               [00]  .SYMDEF "_P62" REG:0,BIT:2,6,LEN:1
000046r    1 [--]  xx           [00]  ds 1
------     1 [--]               [00]  .stabs "P62:S16",40,0,0,_P62
------     1 [--]               [00]  .align 1
------     1 [--]               [00]  _P63:
------     1 [--]               [00]  .SYMDEF "_P63" REG:0,BIT:3,6,LEN:1
000047r    1 [--]  xx           [00]  ds 1
------     1 [--]               [00]  .stabs "P63:S16",40,0,0,_P63
------     1 [--]               [00]  .align 1
------     1 [--]               [00]  _P50:
------     1 [--]               [00]  .SYMDEF "_P50" REG:0,BIT:0,5,LEN:1
000048r    1 [--]  xx           [00]  ds 1
------     1 [--]               [00]  .stabs "P50:S16",40,0,0,_P50
------     1 [--]               [00]  .align 1
------     1 [--]               [00]  _P51:
------     1 [--]               [00]  .SYMDEF "_P51" REG:0,BIT:1,5,LEN:1
000049r    1 [--]  xx           [00]  ds 1
------     1 [--]               [00]  .stabs "P51:S16",40,0,0,_P51
------     1 [--]               [00]  .align 1
------     1 [--]               [00]  _P52:
------     1 [--]               [00]  .SYMDEF "_P52" REG:0,BIT:2,5,LEN:1
00004Ar    1 [--]  xx           [00]  ds 1
------     1 [--]               [00]  .stabs "P52:S16",40,0,0,_P52
------     1 [--]               [00]  .align 1
------     1 [--]               [00]  _P53:
------     1 [--]               [00]  .SYMDEF "_P53" REG:0,BIT:3,5,LEN:1
00004Br    1 [--]  xx           [00]  ds 1
------     1 [--]               [00]  .stabs "P53:S16",40,0,0,_P53
------     1 [--]               [00]  .align 1
------     1 [--]               [00]  _P54:
------     1 [--]               [00]  .SYMDEF "_P54" REG:0,BIT:4,5,LEN:1
00004Cr    1 [--]  xx           [00]  ds 1
------     1 [--]               [00]  .stabs "P54:S16",40,0,0,_P54
------     1 [--]               [00]  .align 1
------     1 [--]               [00]  _P55:
------     1 [--]               [00]  .SYMDEF "_P55" REG:0,BIT:5,5,LEN:1
00004Dr    1 [--]  xx           [00]  ds 1
------     1 [--]               [00]  .stabs "P55:S16",40,0,0,_P55
------     1 [--]               [00]  .align 1
------     1 [--]               [00]  _P57:
------     1 [--]               [00]  .SYMDEF "_P57" REG:0,BIT:7,5,LEN:1
00004Er    1 [--]  xx           [00]  ds 1
------     1 [--]               [00]  .stabs "P57:S16",40,0,0,_P57
------     1 [--]               [00]  .align 1
------     1 [--]               [00]  _R40:
------     1 [--]               [00]  .SYMDEF "_R40" REG:0,BIT:0,4,LEN:1
00004Fr    1 [--]  xx           [00]  ds 1
------     1 [--]               [00]  .stabs "R40:S16",40,0,0,_R40
------     1 [--]               [00]  .align 1
------     1 [--]               [00]  _R41:
------     1 [--]               [00]  .SYMDEF "_R41" REG:0,BIT:1,4,LEN:1
000050r    1 [--]  xx           [00]  ds 1
------     1 [--]               [00]  .stabs "R41:S16",40,0,0,_R41
------     1 [--]               [00]  .align 1
------     1 [--]               [00]  _R42:
------     1 [--]               [00]  .SYMDEF "_R42" REG:0,BIT:2,4,LEN:1
000051r    1 [--]  xx           [00]  ds 1
------     1 [--]               [00]  .stabs "R42:S16",40,0,0,_R42
------     1 [--]               [00]  .align 1
------     1 [--]               [00]  _R43:
------     1 [--]               [00]  .SYMDEF "_R43" REG:0,BIT:3,4,LEN:1
000052r    1 [--]  xx           [00]  ds 1
------     1 [--]               [00]  .stabs "R43:S16",40,0,0,_R43
------     1 [--]               [00]  .align 1
------     1 [--]               [00]  _R44:
------     1 [--]               [00]  .SYMDEF "_R44" REG:0,BIT:4,4,LEN:1
000053r    1 [--]  xx           [00]  ds 1
------     1 [--]               [00]  .stabs "R44:S16",40,0,0,_R44
------     1 [--]               [00]  .align 1
------     1 [--]               [00]  _R45:
------     1 [--]               [00]  .SYMDEF "_R45" REG:0,BIT:5,4,LEN:1
000054r    1 [--]  xx           [00]  ds 1
------     1 [--]               [00]  .stabs "R45:S16",40,0,0,_R45
------     1 [--]               [00]  .align 1
------     1 [--]               [00]  _BS0:
------     1 [--]               [00]  .SYMDEF "_BS0" REG:0,BIT:6,4,LEN:1
000055r    1 [--]  xx           [00]  ds 1
------     1 [--]               [00]  .stabs "BS0:S16",40,0,0,_BS0
------     1 [--]               [00]  .align 1
------     1 [--]               [00]  _BS1:
------     1 [--]               [00]  .SYMDEF "_BS1" REG:0,BIT:7,4,LEN:1
000056r    1 [--]  xx           [00]  ds 1
------     1 [--]               [00]  .stabs "BS1:S16",40,0,0,_BS1
------     1 [--]               [00]  .align 1
------     1 [--]               [00]  _C:
------     1 [--]               [00]  .SYMDEF "_C" REG:0,BIT:0,3,LEN:1
000057r    1 [--]  xx           [00]  ds 1
------     1 [--]               [00]  .stabs "C:S16",40,0,0,_C
------     1 [--]               [00]  .align 1
------     1 [--]               [00]  _DC:
------     1 [--]               [00]  .SYMDEF "_DC" REG:0,BIT:1,3,LEN:1
000058r    1 [--]  xx           [00]  ds 1
------     1 [--]               [00]  .stabs "DC:S16",40,0,0,_DC
------     1 [--]               [00]  .align 1
------     1 [--]               [00]  _Z:
------     1 [--]               [00]  .SYMDEF "_Z" REG:0,BIT:2,3,LEN:1
000059r    1 [--]  xx           [00]  ds 1
------     1 [--]               [00]  .stabs "Z:S16",40,0,0,_Z
------     1 [--]               [00]  .align 1
------     1 [--]               [00]  _P:
------     1 [--]               [00]  .SYMDEF "_P" REG:0,BIT:3,3,LEN:1
00005Ar    1 [--]  xx           [00]  ds 1
------     1 [--]               [00]  .stabs "P:S16",40,0,0,_P
------     1 [--]               [00]  .align 1
------     1 [--]               [00]  _T:
------     1 [--]               [00]  .SYMDEF "_T" REG:0,BIT:4,3,LEN:1
00005Br    1 [--]  xx           [00]  ds 1
------     1 [--]               [00]  .stabs "T:S16",40,0,0,_T
------     1 [--]               [00]  .align 1
------     1 [--]               [00]  _IMR1:
------     1 [--]               [00]  .SYMDEF "_IMR1" IO:0,15,LEN:1
00005Cr    1 [--]  xx           [00]  ds 1
------     1 [--]               [00]  .stabs "IMR1:S14",40,0,0,_IMR1
------     1 [--]               [00]  .align 1
------     1 [--]               [00]  _IMR2:
------     1 [--]               [00]  .SYMDEF "_IMR2" IO:0,14,LEN:1
00005Dr    1 [--]  xx           [00]  ds 1
------     1 [--]               [00]  .stabs "IMR2:S14",40,0,0,_IMR2
------     1 [--]               [00]  .align 1
------     1 [--]               [00]  _PHCR2:
------     1 [--]               [00]  .SYMDEF "_PHCR2" IO:0,13,LEN:1
00005Er    1 [--]  xx           [00]  ds 1
------     1 [--]               [00]  .stabs "PHCR2:S14",40,0,0,_PHCR2
------     1 [--]               [00]  .align 1
------     1 [--]               [00]  _ODCR:
------     1 [--]               [00]  .SYMDEF "_ODCR" IO:0,12,LEN:1
00005Fr    1 [--]  xx           [00]  ds 1
------     1 [--]               [00]  .stabs "ODCR:S14",40,0,0,_ODCR
------     1 [--]               [00]  .align 1
------     1 [--]               [00]  _PDCR2:
------     1 [--]               [00]  .SYMDEF "_PDCR2" IO:0,11,LEN:1
000060r    1 [--]  xx           [00]  ds 1
------     1 [--]               [00]  .stabs "PDCR2:S14",40,0,0,_PDCR2
------     1 [--]               [00]  .align 1
------     1 [--]               [00]  _WDTCR:
------     1 [--]               [00]  .SYMDEF "_WDTCR" IO:0,10,LEN:1
000061r    1 [--]  xx           [00]  ds 1
------     1 [--]               [00]  .stabs "WDTCR:S14",40,0,0,_WDTCR
------     1 [--]               [00]  .align 1
------     1 [--]               [00]  _P8CR:
------     1 [--]               [00]  .SYMDEF "_P8CR" IO:0,8,LEN:1
000062r    1 [--]  xx           [00]  ds 1
------     1 [--]               [00]  .stabs "P8CR:S14",40,0,0,_P8CR
------     1 [--]               [00]  .align 1
------     1 [--]               [00]  _P7CR:
------     1 [--]               [00]  .SYMDEF "_P7CR" IO:0,7,LEN:1
000063r    1 [--]  xx           [00]  ds 1
------     1 [--]               [00]  .stabs "P7CR:S14",40,0,0,_P7CR
------     1 [--]               [00]  .align 1
------     1 [--]               [00]  _P6CR:
------     1 [--]               [00]  .SYMDEF "_P6CR" IO:0,6,LEN:1
000064r    1 [--]  xx           [00]  ds 1
------     1 [--]               [00]  .stabs "P6CR:S14",40,0,0,_P6CR
------     1 [--]               [00]  .align 1
------     1 [--]               [00]  _P5CR:
------     1 [--]               [00]  .SYMDEF "_P5CR" IO:0,5,LEN:1
000065r    1 [--]  xx           [00]  ds 1
------     1 [--]               [00]  .stabs "P5CR:S14",40,0,0,_P5CR
------     1 [--]               [00]  .align 1
------     1 [--]               [00]  _PDCR1:
------     1 [--]               [00]  .SYMDEF "_PDCR1" REG:3,15,LEN:1
000066r    1 [--]  xx           [00]  ds 1
------     1 [--]               [00]  .stabs "PDCR1:S14",40,0,0,_PDCR1
------     1 [--]               [00]  .align 1
------     1 [--]               [00]  _TC3D:
------     1 [--]               [00]  .SYMDEF "_TC3D" REG:3,14,LEN:1
000067r    1 [--]  xx           [00]  ds 1
------     1 [--]               [00]  .stabs "TC3D:S14",40,0,0,_TC3D
------     1 [--]               [00]  .align 1
------     1 [--]               [00]  _TC3CR:
------     1 [--]               [00]  .SYMDEF "_TC3CR" REG:3,13,LEN:1
000068r    1 [--]  xx           [00]  ds 1
------     1 [--]               [00]  .stabs "TC3CR:S14",40,0,0,_TC3CR
------     1 [--]               [00]  .align 1
------     1 [--]               [00]  _PHCR1:
------     1 [--]               [00]  .SYMDEF "_PHCR1" REG:2,15,LEN:1
000069r    1 [--]  xx           [00]  ds 1
------     1 [--]               [00]  .stabs "PHCR1:S14",40,0,0,_PHCR1
------     1 [--]               [00]  .align 1
------     1 [--]               [00]  _ADDL:
------     1 [--]               [00]  .SYMDEF "_ADDL" REG:2,9,LEN:1
00006Ar    1 [--]  xx           [00]  ds 1
------     1 [--]               [00]  .stabs "ADDL:S14",40,0,0,_ADDL
------     1 [--]               [00]  .align 1
------     1 [--]               [00]  _ADDH:
------     1 [--]               [00]  .SYMDEF "_ADDH" REG:2,8,LEN:1
00006Br    1 [--]  xx           [00]  ds 1
------     1 [--]               [00]  .stabs "ADDH:S14",40,0,0,_ADDH
------     1 [--]               [00]  .align 1
------     1 [--]               [00]  _ADOC:
------     1 [--]               [00]  .SYMDEF "_ADOC" REG:2,7,LEN:1
00006Cr    1 [--]  xx           [00]  ds 1
------     1 [--]               [00]  .stabs "ADOC:S14",40,0,0,_ADOC
------     1 [--]               [00]  .align 1
------     1 [--]               [00]  _ADCON:
------     1 [--]               [00]  .SYMDEF "_ADCON" REG:2,6,LEN:1
00006Dr    1 [--]  xx           [00]  ds 1
------     1 [--]               [00]  .stabs "ADCON:S14",40,0,0,_ADCON
------     1 [--]               [00]  .align 1
------     1 [--]               [00]  _AISR:
------     1 [--]               [00]  .SYMDEF "_AISR" REG:2,5,LEN:1
00006Er    1 [--]  xx           [00]  ds 1
------     1 [--]               [00]  .stabs "AISR:S14",40,0,0,_AISR
------     1 [--]               [00]  .align 1
------     1 [--]               [00]  _ISR2:
------     1 [--]               [00]  .SYMDEF "_ISR2" REG:1,15,LEN:1
00006Fr    1 [--]  xx           [00]  ds 1
------     1 [--]               [00]  .stabs "ISR2:S14",40,0,0,_ISR2
------     1 [--]               [00]  .align 1
------     1 [--]               [00]  _TC2DB:
------     1 [--]               [00]  .SYMDEF "_TC2DB" REG:1,10,LEN:1
000070r    1 [--]  xx           [00]  ds 1
------     1 [--]               [00]  .stabs "TC2DB:S14",40,0,0,_TC2DB
------     1 [--]               [00]  .align 1
------     1 [--]               [00]  _TC2DA:
------     1 [--]               [00]  .SYMDEF "_TC2DA" REG:1,9,LEN:1
000071r    1 [--]  xx           [00]  ds 1
------     1 [--]               [00]  .stabs "TC2DA:S14",40,0,0,_TC2DA
------     1 [--]               [00]  .align 1
------     1 [--]               [00]  _OSCR:
------     1 [--]               [00]  .SYMDEF "_OSCR" REG:1,8,LEN:1
000072r    1 [--]  xx           [00]  ds 1
------     1 [--]               [00]  .stabs "OSCR:S14",40,0,0,_OSCR
------     1 [--]               [00]  .align 1
------     1 [--]               [00]  _TC1DB:
------     1 [--]               [00]  .SYMDEF "_TC1DB" REG:1,7,LEN:1
000073r    1 [--]  xx           [00]  ds 1
------     1 [--]               [00]  .stabs "TC1DB:S14",40,0,0,_TC1DB
------     1 [--]               [00]  .align 1
------     1 [--]               [00]  _TC1DA:
------     1 [--]               [00]  .SYMDEF "_TC1DA" REG:1,6,LEN:1
000074r    1 [--]  xx           [00]  ds 1
------     1 [--]               [00]  .stabs "TC1DA:S14",40,0,0,_TC1DA
------     1 [--]               [00]  .align 1
------     1 [--]               [00]  _TC1CR:
------     1 [--]               [00]  .SYMDEF "_TC1CR" REG:1,5,LEN:1
000075r    1 [--]  xx           [00]  ds 1
------     1 [--]               [00]  .stabs "TC1CR:S14",40,0,0,_TC1CR
------     1 [--]               [00]  .align 1
------     1 [--]               [00]  _ISR1:
------     1 [--]               [00]  .SYMDEF "_ISR1" REG:0,15,LEN:1
000076r    1 [--]  xx           [00]  ds 1
------     1 [--]               [00]  .stabs "ISR1:S14",40,0,0,_ISR1
------     1 [--]               [00]  .align 1
------     1 [--]               [00]  _MSR:
------     1 [--]               [00]  .SYMDEF "_MSR" REG:0,14,LEN:1
000077r    1 [--]  xx           [00]  ds 1
------     1 [--]               [00]  .stabs "MSR:S14",40,0,0,_MSR
------     1 [--]               [00]  .align 1
------     1 [--]               [00]  _EEPD:
------     1 [--]               [00]  .SYMDEF "_EEPD" REG:0,13,LEN:1
000078r    1 [--]  xx           [00]  ds 1
------     1 [--]               [00]  .stabs "EEPD:S14",40,0,0,_EEPD
------     1 [--]               [00]  .align 1
------     1 [--]               [00]  _EEPA:
------     1 [--]               [00]  .SYMDEF "_EEPA" REG:0,12,LEN:1
000079r    1 [--]  xx           [00]  ds 1
------     1 [--]               [00]  .stabs "EEPA:S14",40,0,0,_EEPA
------     1 [--]               [00]  .align 1
------     1 [--]               [00]  _EEPCR:
------     1 [--]               [00]  .SYMDEF "_EEPCR" REG:0,11,LEN:1
00007Ar    1 [--]  xx           [00]  ds 1
------     1 [--]               [00]  .stabs "EEPCR:S14",40,0,0,_EEPCR
------     1 [--]               [00]  .align 1
------     1 [--]               [00]  _WUCR:
------     1 [--]               [00]  .SYMDEF "_WUCR" REG:0,10,LEN:1
00007Br    1 [--]  xx           [00]  ds 1
------     1 [--]               [00]  .stabs "WUCR:S14",40,0,0,_WUCR
------     1 [--]               [00]  .align 1
------     1 [--]               [00]  _PORT8:
------     1 [--]               [00]  .SYMDEF "_PORT8" REG:0,8,LEN:1
00007Cr    1 [--]  xx           [00]  ds 1
------     1 [--]               [00]  .stabs "PORT8:S14",40,0,0,_PORT8
------     1 [--]               [00]  .align 1
------     1 [--]               [00]  _PORT7:
------     1 [--]               [00]  .SYMDEF "_PORT7" REG:0,7,LEN:1
00007Dr    1 [--]  xx           [00]  ds 1
------     1 [--]               [00]  .stabs "PORT7:S14",40,0,0,_PORT7
------     1 [--]               [00]  .align 1
------     1 [--]               [00]  _PORT6:
------     1 [--]               [00]  .SYMDEF "_PORT6" REG:0,6,LEN:1
00007Er    1 [--]  xx           [00]  ds 1
------     1 [--]               [00]  .stabs "PORT6:S14",40,0,0,_PORT6
------     1 [--]               [00]  .align 1
------     1 [--]               [00]  _PORT5:
------     1 [--]               [00]  .SYMDEF "_PORT5" REG:0,5,LEN:1
00007Fr    1 [--]  xx           [00]  ds 1
------     1 [--]               [00]  .stabs "PORT5:S14",40,0,0,_PORT5
------     1 [--]               [00]  .align 1
------     1 [--]               [00]  _RSR:
------     1 [--]               [00]  .SYMDEF "_RSR" REG:0,4,LEN:1
000080r    1 [--]  xx           [00]  ds 1
------     1 [--]               [00]  .stabs "RSR:S14",40,0,0,_RSR
------     1 [--]               [00]  .align 1
------     1 [--]               [00]  _STATUS:
------     1 [--]               [00]  .SYMDEF "_STATUS" REG:0,3,LEN:1
000081r    1 [--]  xx           [00]  ds 1
------     1 [--]               [00]  .stabs "STATUS:S14",40,0,0,_STATUS
------     1 [--]               [00]  .align 1
------     1 [--]               [00]  _PC:
------     1 [--]               [00]  .SYMDEF "_PC" REG:0,2,LEN:1
000082r    1 [--]  xx           [00]  ds 1
------     1 [--]               [00]  .stabs "PC:S14",40,0,0,_PC
------     1 [--]               [00]  .align 1
------     1 [--]               [00]  _TCC:
------     1 [--]               [00]  .SYMDEF "_TCC" REG:0,1,LEN:1
000083r    1 [--]  xx           [00]  ds 1
------     1 [--]               [00]  .stabs "TCC:S14",40,0,0,_TCC
------     1 [--]               [00]  .align 1
------     1 [--]               [00]  _R0:
------     1 [--]               [00]  .SYMDEF "_R0" REG:0,0,LEN:1
000084r    1 [--]  xx           [00]  ds 1
------     1 [--]               [00]  .stabs "R0:S14",40,0,0,_R0
------     1 [--]               [00]  .section ".code"
------     1 [--]               [00]  end
------     1 [--]               [00]  

	** End of list file C:\Users\daminger\OneDrive\github\project\734\wake up.lst **